// Jest Snapshot v1, https://goo.gl/fbAQLP

exports[`Sequence container validation Sequence create 1`] = `ReactWrapper {}`;

exports[`Sequence container validation Sequence create 2`] = `ReactWrapper {}`;

exports[`Sequence container validation Sequence update 1`] = `ReactWrapper {}`;

exports[`Sequence container validation Sequence update 2`] = `ReactWrapper {}`;

exports[`Sequence container validation Sequence update 3`] = `ReactWrapper {}`;

exports[`Sequence container validation Sequence update 4`] = `ReactWrapper {}`;
