             7601558 :     1 :    7601558 : clock.BeatClock.start
              288749 :     1 :     288749 : sequencer.DefaultOperationProcessor.onPerformanceStart
              268832 :    24 :    6451973 : creation.track.MutableSequenceRoll.onPerformanceStart
              266018 :    24 :    6384439 : creation.track.MutableSequenceRoll.refresh
              237788 :    24 :    5706918 : creation.track.MutableSequenceRoll.afterTickChange
              151213 :     1 :     151213 : sequencer.TrackProcessor.onPerformanceStart
              113504 :     1 :     113504 : sequencer.OperationReceiverCollection.onPerformanceStart
               80761 :    24 :    1938272 : creation.track.MutableSequenceRoll.getNextEventInternal
               47120 :    24 :    1130874 : creation.track.MutableSequenceRoll.getNextEvent
               34477 :    24 :     827451 : creation.track.MutableSequenceRoll.setTock
               22654 :   264 :    5980701 : creation.track.MutableSequenceRoll.peek
               21339 :    24 :     512128 : creation.track.MutableSequenceRoll.refreshFlow
               11891 :   264 :    3139296 : creation.track.MutableSequenceRoll.isRolling
                7874 :    24 :     188973 : creation.flow.DefaultFlow.initialise
                3818 :     2 :       7636 : sequencer.LoggingOperationReceiver.onPerformanceStart
                2953 :   528 :    1559345 : creation.track.MutableSequenceRoll.getLength
                2785 :    36 :     100270 : music.sequence.Notation.initialise
                1590 :     6 :       9540 : music.sequence.Pattern.initialise
                1491 :    24 :      35781 : {target-null}.lambda$afterTickChange$36
                1284 :    24 :      30804 : creation.flow.FlowFactory.refreshSequence
                 813 :    24 :      19516 : creation.track.MutableSequenceRoll.getName
                 802 :    24 :      19241 : {target-null}.lambda$new$33
                 737 :    24 :      17680 : creation.track.MutableSequenceRoll.onPerformanceStop
                 717 :    24 :      17199 : {target-null}.lambda$new$31
                 533 :    72 :      38409 : {target-null}.lambda$afterTickChange$35
                 531 :    24 :      12751 : creation.track.MutableSequenceRoll.getTick
                 519 :    48 :      24899 : creation.track.MutableSequenceRoll.getFlow
                 437 :    72 :      31480 : {target-null}.lambda$new$34
                 394 :   816 :     321441 : creation.track.MutableSequenceRoll.getSequence