Execution 1 :
              658083 :     1 :     658083 : BeatClock.start()
               25221 :    24 :     605298 : MutableSequenceRoll.onPerformanceStart()
               24197 :    24 :     580737 : MutableSequenceRoll.refresh()
               17684 :    24 :     424418 : MutableSequenceRoll.afterTickChange()
               11132 :    24 :     267176 : MutableSequenceRoll.peek()
                2002 :   105 :     210255 : LayerConductor.getPosition(..)
                8575 :    24 :     205793 : MutableSequenceRoll.getNextEventInternal(..)
                7314 :    24 :     175528 : MutableSequenceRoll.getNextEvent(..)
                6266 :    24 :     150379 : DefaultFlow.getNextEvent(..)
                4158 :    24 :      99781 : MutableSequenceRoll.refreshFlow()
                1980 :    24 :      47521 : DefaultFlow.initialise()
                 415 :    77 :      31921 : BeatClock.getPosition(..)
                1267 :    18 :      22802 : Notation.initialise()
                 945 :    24 :      22675 : SealedTock.getPosition()
                5177 :     1 :       5177 : OperationReceiverCollection.onPerformanceStart()
                 192 :    24 :       4598 : MutableSequenceRoll.setTock(..)
                 149 :    24 :       3565 : MutableSequenceRoll.isRolling()
                 135 :    24 :       3247 : FlowFactory.refreshSequence(..)
                 124 :    18 :       2224 : Loop.getPosition()
                  69 :    24 :       1650 : DefaultFlow.getMaxScanForward()
                 443 :     3 :       1329 : PerformanceListener.onPerformanceStart()
                 937 :     1 :        937 : TrackProcessor.onPerformanceStart()
                  19 :    24 :        456 : AbstractThing.initialise()
                  15 :    24 :        372 : DefaultNote.getDuration()
                  14 :    24 :        330 : MutableSequenceRoll.lambda$afterTickChange$36(..)
                  10 :    24 :        239 : MutableSequenceRoll.lambda$new$33()
                   8 :    24 :        197 : MutableSequenceRoll.lambda$new$31()
                   2 :    72 :        143 : MutableSequenceRoll.lambda$afterTickChange$35()
                   4 :    24 :         99 : MovableTock.getPosition()
                   3 :    24 :         71 : MutableSequenceRoll.onPerformanceStop()
                  -0 :    72 :        -28 : MutableSequenceRoll.lambda$new$34()
                   0 : 10000 :          0 : timer overhead

Execution 2 :
                2189 :   105 :     229807 : LayerConductor.getPosition(..)
              198178 :     1 :     198178 : BeatClock.start()
                5986 :    24 :     143652 : MutableSequenceRoll.onPerformanceStart()
                5106 :    24 :     122553 : MutableSequenceRoll.refresh()
                4057 :    24 :      97379 : MutableSequenceRoll.refreshFlow()
                1934 :    24 :      46407 : MutableSequenceRoll.peek()
                1576 :    24 :      37828 : DefaultFlow.initialise()
                 902 :    24 :      21647 : MutableSequenceRoll.isRolling()
                 968 :    18 :      17419 : Notation.initialise()
                6539 :     1 :       6539 : OperationReceiverCollection.onPerformanceStart()
                 115 :    24 :       2765 : FlowFactory.refreshSequence(..)
                  49 :    53 :       2614 : BeatClock.getPosition(..)
                 406 :     3 :       1217 : PerformanceListener.onPerformanceStart()
                1166 :     1 :       1166 : TrackProcessor.onPerformanceStart()
                  15 :    24 :        355 : AbstractThing.initialise()
                   6 :    24 :        143 : DefaultNote.getDuration()
                   4 :    24 :        103 : MutableSequenceRoll.onPerformanceStop()
                   0 : 10000 :          0 : timer overhead
