Execution 1 :
             1982980 :     1 :    1982925 : BeatClock.start()
               67417 :    24 :    1616693 : MutableSequenceRoll.onPerformanceStart()
               65395 :    24 :    1568161 : MutableSequenceRoll.refresh()
               44735 :    24 :    1072320 : MutableSequenceRoll.afterTickChange()
               37361 :    24 :     895340 : MutableSequenceRoll.peek()
               28443 :    24 :     681318 : MutableSequenceRoll.getNextEventInternal(..)
               24068 :    24 :     576326 : MutableSequenceRoll.getNextEvent(..)
               16100 :    24 :     385096 : MutableSequenceRoll.refreshFlow()
              113691 :     1 :     113636 : TrackProcessor.onPerformanceStart()
                4624 :    24 :     109653 : DefaultFlow.initialise()
               93214 :     1 :      93159 : DefaultOperationProcessor.onPerformanceStart()
                2879 :    18 :      50828 : Notation.initialise()
                2088 :    24 :      48793 : MutableSequenceRoll.isRolling()
                1245 :    24 :      28572 : MutableSequenceRoll.setTock(..)
                 945 :    24 :      21362 : FlowFactory.refreshSequence(..)
                 840 :    24 :      18836 : MutableSequenceRoll.lambda$afterTickChange$36(..)
                 310 :    72 :      18378 : MutableSequenceRoll.lambda$afterTickChange$35()
               17412 :     1 :      17357 : OperationReceiverCollection.onPerformanceStart()
                 457 :    24 :       9645 : MutableSequenceRoll.lambda$new$31()
                 391 :    24 :       8071 : MutableSequenceRoll.lambda$new$33()
                 371 :    24 :       7590 : MutableSequenceRoll.onPerformanceStop()
                 366 :    24 :       7465 : MutableSequenceRoll.getName()
                 349 :    24 :       7064 : AbstractThing.initialise()
                 103 :    72 :       3480 : MutableSequenceRoll.lambda$new$34()
                 122 :    48 :       3209 : MutableSequenceRoll.getFlow()
                 170 :    24 :       2754 : MutableSequenceRoll.getTick()
                 453 :     2 :        796 : PerformanceListener.onPerformanceStart()
                  55 :  1000 :          0 : timer overhead

Execution 2 :
              577175 :     1 :     577123 : BeatClock.start()
               10911 :    24 :     260621 : MutableSequenceRoll.onPerformanceStart()
                9673 :    24 :     230894 : MutableSequenceRoll.refresh()
                8476 :    24 :     202162 : MutableSequenceRoll.refreshFlow()
                5225 :    24 :     124153 : MutableSequenceRoll.peek()
              116345 :     1 :     116293 : TrackProcessor.onPerformanceStart()
              104788 :     1 :     104736 : DefaultOperationProcessor.onPerformanceStart()
                2563 :    24 :      60250 : DefaultFlow.initialise()
                1500 :    24 :      34751 : MutableSequenceRoll.isRolling()
                1536 :    18 :      26713 : Notation.initialise()
                 502 :    24 :      10807 : FlowFactory.refreshSequence(..)
               10093 :     1 :      10041 : OperationReceiverCollection.onPerformanceStart()
                 310 :    24 :       6198 : MutableSequenceRoll.onPerformanceStop()
                 164 :    24 :       2682 : AbstractThing.initialise()
                  85 :    48 :       1598 : MutableSequenceRoll.getFlow()
                 408 :     2 :        712 : PerformanceListener.onPerformanceStart()
                  52 :  1000 :          0 : timer overhead
