SNAPSHOT : com.purplepip.odin.demo.GroovePerformance
             -1 ProgramChangeOperation(channel=1, programName=piano)
             -1 ProgramChangeOperation(channel=2, programName=rock)
             -1 ProgramChangeOperation(channel=3, programName=strings)
             -1 ProgramChangeOperation(channel=4, programName=aahs)
             -1 ProgramChangeOperation(channel=5, programName=bass)
             -1 ProgramChangeOperation(channel=9, programName=Power Drums)
