SNAPSHOT : com.purplepip.odin.demo.KotlinPerformance
          5···· ▼60↓40 → 0
          6···· ▲60    → 0
          6···· ▼60↓40 → 0
          7···· ▲60    → 0
          8···· ▼60↓40 → 0
          9···· ▲60    → 0
          9···· ▼60↓40 → 0
         10···· ▲60    → 0
         10···· ▼60↓40 → 0
         11···· ▲60    → 0
         12···· ▼60↓40 → 0
         13···· ▲60    → 0
