SNAPSHOT : com.purplepip.odin.demo.SimplePerformance
          5···· ▼60↓40 → 1
          6···· ▲60    → 1
          6···· ▼60↓40 → 1
          7···· ▲60    → 1
          8···· ▼60↓40 → 1
          9···· ▲60    → 1
          9···· ▼60↓40 → 1
         10···· ▲60    → 1
         10···· ▼60↓40 → 1
         11···· ▲60    → 1
         12···· ▼60↓40 → 1
         13···· ▲60    → 1
