// Jest Snapshot v1, https://goo.gl/fbAQLP

exports[`App renders OK 1`] = `
<App
  dispatch={[Function]}
  flux={
    MockFlux {
      "client": [Function],
      "loadFromServer": [Function],
      "loadSchema": [Function],
      "onCreate": [Function],
      "onPatch": [Function],
      "onUpdate": [Function],
    }
  }
  store={
    Object {
      "dispatch": [Function],
      "getState": [Function],
      "replaceReducer": [Function],
      "subscribe": [Function],
    }
  }
  storeSubscription={
    Subscription {
      "listeners": Object {
        "notify": [Function],
      },
      "onStateChange": [Function],
      "parentSub": undefined,
      "store": Object {
        "dispatch": [Function],
        "getState": [Function],
        "replaceReducer": [Function],
        "subscribe": [Function],
        Symbol(observable): [Function],
      },
      "unsubscribe": null,
    }
  }
/>
`;
