// Jest Snapshot v1, https://goo.gl/fbAQLP

exports[`App renders OK 1`] = `
<Provider
  store={
    Object {
      "dispatch": [Function],
      "getState": [Function],
      "replaceReducer": [Function],
      "subscribe": [Function],
    }
  }
>
  <BrowserRouter>
    <div>
      <Route
        component={[Function]}
        exact={true}
        path="/app/developer"
      />
      <Route
        component={[Function]}
        path="/app"
      />
    </div>
  </BrowserRouter>
</Provider>
`;
