// Jest Snapshot v1, https://goo.gl/fbAQLP

exports[`Channels container renders OK 1`] = `
<div>
  <div
    className="container"
  >
    <div
      className="row"
    >
      <div
        className="col-2"
      >
        Number
      </div>
      <div
        className="col-3"
      >
        Program
      </div>
    </div>
  </div>
</div>
`;
