// Jest Snapshot v1, https://goo.gl/fbAQLP

exports[`Channels container renders OK 1`] = `
<Provider
  store={
    Object {
      "dispatch": [Function],
      "getState": [Function],
      "replaceReducer": [Function],
      "subscribe": [Function],
      Symbol(observable): [Function],
    }
  }
>
  <Connect(ChannelsContainer)
    flux={
      MockFlux {
        "client": [Function],
        "loadFromServer": [Function],
        "loadSchema": [Function],
        "onCreate": [Function],
        "onPatch": [Function],
        "onUpdate": [Function],
      }
    }
    project={
      Object {
        "_links": Object {
          "channels": Object {
            "href": "http://localhost:8080/api/project/1/channels",
          },
          "layers": Object {
            "href": "http://localhost:8080/api/project/1/layers",
          },
          "project": Object {
            "href": "http://localhost:8080/api/project/1",
          },
          "self": Object {
            "href": "http://localhost:8080/api/project/1",
          },
          "sequences": Object {
            "href": "http://localhost:8080/api/project/1/sequences",
          },
        },
        "name": "defaultProject",
      }
    }
    schema={
      Schema {
        "clazzes": Object {},
        "flux": MockFlux {
          "client": [Function],
          "loadFromServer": [Function],
          "loadSchema": [Function],
          "onCreate": [Function],
          "onPatch": [Function],
          "onUpdate": [Function],
        },
      }
    }
  >
    <ChannelsContainer
      entities={
        Array [
          Object {
            "_links": Object {
              "channel": Object {
                "href": "http://localhost:8080/api/channel/3",
              },
              "project": Object {
                "href": "http://localhost:8080/api/channel/3/project",
              },
              "self": Object {
                "href": "http://localhost:8080/api/channel/3",
              },
            },
            "number": 2,
            "program": 0,
            "programName": "rock",
          },
          Object {
            "_links": Object {
              "channel": Object {
                "href": "http://localhost:8080/api/channel/4",
              },
              "project": Object {
                "href": "http://localhost:8080/api/channel/4/project",
              },
              "self": Object {
                "href": "http://localhost:8080/api/channel/4",
              },
            },
            "number": 3,
            "program": 0,
            "programName": "strings",
          },
          Object {
            "_links": Object {
              "channel": Object {
                "href": "http://localhost:8080/api/channel/5",
              },
              "project": Object {
                "href": "http://localhost:8080/api/channel/5/project",
              },
              "self": Object {
                "href": "http://localhost:8080/api/channel/5",
              },
            },
            "number": 4,
            "program": 0,
            "programName": "aahs",
          },
          Object {
            "_links": Object {
              "channel": Object {
                "href": "http://localhost:8080/api/channel/6",
              },
              "project": Object {
                "href": "http://localhost:8080/api/channel/6/project",
              },
              "self": Object {
                "href": "http://localhost:8080/api/channel/6",
              },
            },
            "number": 5,
            "program": 0,
            "programName": "bass",
          },
          Object {
            "_links": Object {
              "channel": Object {
                "href": "http://localhost:8080/api/channel/7",
              },
              "project": Object {
                "href": "http://localhost:8080/api/channel/7/project",
              },
              "self": Object {
                "href": "http://localhost:8080/api/channel/7",
              },
            },
            "number": 9,
            "program": 0,
            "programName": "Power Drums",
          },
          Object {
            "_links": Object {
              "channel": Object {
                "href": "http://localhost:8080/api/channel/4392",
              },
              "project": Object {
                "href": "http://localhost:8080/api/channel/4392/project",
              },
              "self": Object {
                "href": "http://localhost:8080/api/channel/4392",
              },
            },
            "number": 1,
            "program": 0,
            "programName": "pianoZ",
          },
        ]
      }
      flux={
        MockFlux {
          "client": [Function],
          "loadFromServer": [Function],
          "loadSchema": [Function],
          "onCreate": [Function],
          "onPatch": [Function],
          "onUpdate": [Function],
        }
      }
      onCreate={[Function]}
      onDelete={[Function]}
      onLoadEntities={[Function]}
      path="channel"
      project={
        Object {
          "_links": Object {
            "channels": Object {
              "href": "http://localhost:8080/api/project/1/channels",
            },
            "layers": Object {
              "href": "http://localhost:8080/api/project/1/layers",
            },
            "project": Object {
              "href": "http://localhost:8080/api/project/1",
            },
            "self": Object {
              "href": "http://localhost:8080/api/project/1",
            },
            "sequences": Object {
              "href": "http://localhost:8080/api/project/1/sequences",
            },
          },
          "name": "defaultProject",
        }
      }
      schema={
        Schema {
          "clazzes": Object {},
          "flux": MockFlux {
            "client": [Function],
            "loadFromServer": [Function],
            "loadSchema": [Function],
            "onCreate": [Function],
            "onPatch": [Function],
            "onUpdate": [Function],
          },
        }
      }
    >
      <div>
        <ChannelList
          entities={
            Array [
              Object {
                "_links": Object {
                  "channel": Object {
                    "href": "http://localhost:8080/api/channel/3",
                  },
                  "project": Object {
                    "href": "http://localhost:8080/api/channel/3/project",
                  },
                  "self": Object {
                    "href": "http://localhost:8080/api/channel/3",
                  },
                },
                "number": 2,
                "program": 0,
                "programName": "rock",
              },
              Object {
                "_links": Object {
                  "channel": Object {
                    "href": "http://localhost:8080/api/channel/4",
                  },
                  "project": Object {
                    "href": "http://localhost:8080/api/channel/4/project",
                  },
                  "self": Object {
                    "href": "http://localhost:8080/api/channel/4",
                  },
                },
                "number": 3,
                "program": 0,
                "programName": "strings",
              },
              Object {
                "_links": Object {
                  "channel": Object {
                    "href": "http://localhost:8080/api/channel/5",
                  },
                  "project": Object {
                    "href": "http://localhost:8080/api/channel/5/project",
                  },
                  "self": Object {
                    "href": "http://localhost:8080/api/channel/5",
                  },
                },
                "number": 4,
                "program": 0,
                "programName": "aahs",
              },
              Object {
                "_links": Object {
                  "channel": Object {
                    "href": "http://localhost:8080/api/channel/6",
                  },
                  "project": Object {
                    "href": "http://localhost:8080/api/channel/6/project",
                  },
                  "self": Object {
                    "href": "http://localhost:8080/api/channel/6",
                  },
                },
                "number": 5,
                "program": 0,
                "programName": "bass",
              },
              Object {
                "_links": Object {
                  "channel": Object {
                    "href": "http://localhost:8080/api/channel/7",
                  },
                  "project": Object {
                    "href": "http://localhost:8080/api/channel/7/project",
                  },
                  "self": Object {
                    "href": "http://localhost:8080/api/channel/7",
                  },
                },
                "number": 9,
                "program": 0,
                "programName": "Power Drums",
              },
              Object {
                "_links": Object {
                  "channel": Object {
                    "href": "http://localhost:8080/api/channel/4392",
                  },
                  "project": Object {
                    "href": "http://localhost:8080/api/channel/4392/project",
                  },
                  "self": Object {
                    "href": "http://localhost:8080/api/channel/4392",
                  },
                },
                "number": 1,
                "program": 0,
                "programName": "pianoZ",
              },
            ]
          }
          fields={
            Object {
              "number": Object {
                "cellWidth": 2,
                "defaultValue": 1,
              },
              "program": Object {
                "defaultValue": 0,
                "hidden": true,
              },
              "programName": Object {
                "cellWidth": 3,
                "defaultValue": "piano",
              },
            }
          }
          flux={
            MockFlux {
              "client": [Function],
              "loadFromServer": [Function],
              "loadSchema": [Function],
              "onCreate": [Function],
              "onPatch": [Function],
              "onUpdate": [Function],
            }
          }
          onCreate={[Function]}
          onDelete={[Function]}
          path="channel"
          project={
            Object {
              "_links": Object {
                "channels": Object {
                  "href": "http://localhost:8080/api/project/1/channels",
                },
                "layers": Object {
                  "href": "http://localhost:8080/api/project/1/layers",
                },
                "project": Object {
                  "href": "http://localhost:8080/api/project/1",
                },
                "self": Object {
                  "href": "http://localhost:8080/api/project/1",
                },
                "sequences": Object {
                  "href": "http://localhost:8080/api/project/1/sequences",
                },
              },
              "name": "defaultProject",
            }
          }
          schema={
            Schema {
              "clazzes": Object {},
              "flux": MockFlux {
                "client": [Function],
                "loadFromServer": [Function],
                "loadSchema": [Function],
                "onCreate": [Function],
                "onPatch": [Function],
                "onUpdate": [Function],
              },
            }
          }
        >
          <div>
            <div
              className="container"
            >
              <div
                className="row"
              >
                <div
                  className="col-2"
                >
                  Number
                </div>
                <div
                  className="col-3"
                >
                  Program
                </div>
              </div>
              <Channel
                entity={
                  Object {
                    "_links": Object {
                      "channel": Object {
                        "href": "http://localhost:8080/api/channel/3",
                      },
                      "project": Object {
                        "href": "http://localhost:8080/api/channel/3/project",
                      },
                      "self": Object {
                        "href": "http://localhost:8080/api/channel/3",
                      },
                    },
                    "number": 2,
                    "program": 0,
                    "programName": "rock",
                  }
                }
                flux={
                  MockFlux {
                    "client": [Function],
                    "loadFromServer": [Function],
                    "loadSchema": [Function],
                    "onCreate": [Function],
                    "onPatch": [Function],
                    "onUpdate": [Function],
                  }
                }
                onDelete={[Function]}
              >
                <div
                  className="row"
                >
                  <div
                    className="col-2"
                  >
                    2
                  </div>
                  <div
                    className="col-3"
                  >
                    rock
                  </div>
                  <div
                    className="col-1"
                  >
                    <button
                      className="btn btn-primary"
                      onClick={[Function]}
                      type="submit"
                    >
                      Delete
                    </button>
                  </div>
                </div>
              </Channel>
              <Channel
                entity={
                  Object {
                    "_links": Object {
                      "channel": Object {
                        "href": "http://localhost:8080/api/channel/4",
                      },
                      "project": Object {
                        "href": "http://localhost:8080/api/channel/4/project",
                      },
                      "self": Object {
                        "href": "http://localhost:8080/api/channel/4",
                      },
                    },
                    "number": 3,
                    "program": 0,
                    "programName": "strings",
                  }
                }
                flux={
                  MockFlux {
                    "client": [Function],
                    "loadFromServer": [Function],
                    "loadSchema": [Function],
                    "onCreate": [Function],
                    "onPatch": [Function],
                    "onUpdate": [Function],
                  }
                }
                onDelete={[Function]}
              >
                <div
                  className="row"
                >
                  <div
                    className="col-2"
                  >
                    3
                  </div>
                  <div
                    className="col-3"
                  >
                    strings
                  </div>
                  <div
                    className="col-1"
                  >
                    <button
                      className="btn btn-primary"
                      onClick={[Function]}
                      type="submit"
                    >
                      Delete
                    </button>
                  </div>
                </div>
              </Channel>
              <Channel
                entity={
                  Object {
                    "_links": Object {
                      "channel": Object {
                        "href": "http://localhost:8080/api/channel/5",
                      },
                      "project": Object {
                        "href": "http://localhost:8080/api/channel/5/project",
                      },
                      "self": Object {
                        "href": "http://localhost:8080/api/channel/5",
                      },
                    },
                    "number": 4,
                    "program": 0,
                    "programName": "aahs",
                  }
                }
                flux={
                  MockFlux {
                    "client": [Function],
                    "loadFromServer": [Function],
                    "loadSchema": [Function],
                    "onCreate": [Function],
                    "onPatch": [Function],
                    "onUpdate": [Function],
                  }
                }
                onDelete={[Function]}
              >
                <div
                  className="row"
                >
                  <div
                    className="col-2"
                  >
                    4
                  </div>
                  <div
                    className="col-3"
                  >
                    aahs
                  </div>
                  <div
                    className="col-1"
                  >
                    <button
                      className="btn btn-primary"
                      onClick={[Function]}
                      type="submit"
                    >
                      Delete
                    </button>
                  </div>
                </div>
              </Channel>
              <Channel
                entity={
                  Object {
                    "_links": Object {
                      "channel": Object {
                        "href": "http://localhost:8080/api/channel/6",
                      },
                      "project": Object {
                        "href": "http://localhost:8080/api/channel/6/project",
                      },
                      "self": Object {
                        "href": "http://localhost:8080/api/channel/6",
                      },
                    },
                    "number": 5,
                    "program": 0,
                    "programName": "bass",
                  }
                }
                flux={
                  MockFlux {
                    "client": [Function],
                    "loadFromServer": [Function],
                    "loadSchema": [Function],
                    "onCreate": [Function],
                    "onPatch": [Function],
                    "onUpdate": [Function],
                  }
                }
                onDelete={[Function]}
              >
                <div
                  className="row"
                >
                  <div
                    className="col-2"
                  >
                    5
                  </div>
                  <div
                    className="col-3"
                  >
                    bass
                  </div>
                  <div
                    className="col-1"
                  >
                    <button
                      className="btn btn-primary"
                      onClick={[Function]}
                      type="submit"
                    >
                      Delete
                    </button>
                  </div>
                </div>
              </Channel>
              <Channel
                entity={
                  Object {
                    "_links": Object {
                      "channel": Object {
                        "href": "http://localhost:8080/api/channel/7",
                      },
                      "project": Object {
                        "href": "http://localhost:8080/api/channel/7/project",
                      },
                      "self": Object {
                        "href": "http://localhost:8080/api/channel/7",
                      },
                    },
                    "number": 9,
                    "program": 0,
                    "programName": "Power Drums",
                  }
                }
                flux={
                  MockFlux {
                    "client": [Function],
                    "loadFromServer": [Function],
                    "loadSchema": [Function],
                    "onCreate": [Function],
                    "onPatch": [Function],
                    "onUpdate": [Function],
                  }
                }
                onDelete={[Function]}
              >
                <div
                  className="row"
                >
                  <div
                    className="col-2"
                  >
                    9
                  </div>
                  <div
                    className="col-3"
                  >
                    Power Drums
                  </div>
                  <div
                    className="col-1"
                  >
                    <button
                      className="btn btn-primary"
                      onClick={[Function]}
                      type="submit"
                    >
                      Delete
                    </button>
                  </div>
                </div>
              </Channel>
              <Channel
                entity={
                  Object {
                    "_links": Object {
                      "channel": Object {
                        "href": "http://localhost:8080/api/channel/4392",
                      },
                      "project": Object {
                        "href": "http://localhost:8080/api/channel/4392/project",
                      },
                      "self": Object {
                        "href": "http://localhost:8080/api/channel/4392",
                      },
                    },
                    "number": 1,
                    "program": 0,
                    "programName": "pianoZ",
                  }
                }
                flux={
                  MockFlux {
                    "client": [Function],
                    "loadFromServer": [Function],
                    "loadSchema": [Function],
                    "onCreate": [Function],
                    "onPatch": [Function],
                    "onUpdate": [Function],
                  }
                }
                onDelete={[Function]}
              >
                <div
                  className="row"
                >
                  <div
                    className="col-2"
                  >
                    1
                  </div>
                  <div
                    className="col-3"
                  >
                    pianoZ
                  </div>
                  <div
                    className="col-1"
                  >
                    <button
                      className="btn btn-primary"
                      onClick={[Function]}
                      type="submit"
                    >
                      Delete
                    </button>
                  </div>
                </div>
              </Channel>
            </div>
          </div>
        </ChannelList>
      </div>
    </ChannelsContainer>
  </Connect(ChannelsContainer)>
</Provider>
`;
