// Jest Snapshot v1, https://goo.gl/fbAQLP

exports[`Composer container drag and drop Initialise 1`] = `
<div
  class="layer card"
  draggable="true"
  title="a"
>
  <!-- react-text: 21 -->
  a
  <!-- /react-text -->
  <div
    class="sequences"
  >
    <div
      class="sequenceInLayer"
      draggable="true"
      style="opacity: 1;"
    >
      aahs-a
    </div>
    <div
      class="sequenceInLayer"
      draggable="true"
      style="opacity: 1;"
    >
      kick1
    </div>
    <div
      class="sequenceInLayer"
      draggable="true"
      style="opacity: 1;"
    >
      notes-c5
    </div>
    <div
      class="sequenceInLayer"
      draggable="true"
      style="opacity: 1;"
    >
      organ-a
    </div>
    <div
      class="sequenceInLayer"
      draggable="true"
      style="opacity: 1;"
    >
      piano-a
    </div>
    <div
      class="sequenceInLayer"
      draggable="true"
      style="opacity: 1;"
    >
      piano-a3
    </div>
  </div>
</div>
`;
