// Jest Snapshot v1, https://goo.gl/fbAQLP

exports[`Sequences container renders OK 1`] = `
<div>
  <div>
    <div
      className="container"
    >
      <div
        className="row"
      >
        <div
          className="col-1"
        >
          Name
        </div>
        <div
          className="col-3"
        >
           
        </div>
        <div
          className="col-2"
        >
          Tick
        </div>
        <div
          className="col-1"
        >
          Offset
        </div>
        <div
          className="col-1"
        >
          Length
        </div>
        <div
          className="col-1"
        >
          Channel
        </div>
        <div
          className="col-2"
        >
          Flow Name
        </div>
      </div>
      <div
        key="aahs-a"
      >
        <div
          className="row"
          onClick={[Function]}
        >
          <div
            className="col-1"
          >
            aahs-a
          </div>
          <div
            className="col-3"
          >
            <div>
              <span>
                C A C5/h C5/8
              </span>
              <span
                id="http://localhost:8080/api/sequence/58-notation-1"
              />
            </div>
          </div>
          <div
            className="col-2 component"
          >
            <div
              className="row"
            >
              <div
                className="col-md-6"
              />
              <div
                className="col-md-6"
              >
                 
              </div>
            </div>
          </div>
          <div
            className="col-1"
          >
            0
          </div>
          <div
            className="col-1"
          >
            -1
          </div>
          <div
            className="col-1"
          >
            4
          </div>
          <div
            className="col-2"
          >
            notation
          </div>
          <div
            className="col-1"
          >
            <button
              className="btn btn-primary"
              onClick={[Function]}
              type="submit"
            >
              Delete
            </button>
          </div>
        </div>
      </div>
      <div
        key="aahs-br"
      >
        <div
          className="row"
          onClick={[Function]}
        >
          <div
            className="col-1"
          >
            aahs-br
          </div>
          <div
            className="col-3"
          >
            <div>
              <span>
                C5/h A4 G4 E C
              </span>
              <span
                id="http://localhost:8080/api/sequence/62-notation-1"
              />
            </div>
          </div>
          <div
            className="col-2 component"
          >
            <div
              className="row"
            >
              <div
                className="col-md-6"
              />
              <div
                className="col-md-6"
              >
                 
              </div>
            </div>
          </div>
          <div
            className="col-1"
          >
            0
          </div>
          <div
            className="col-1"
          >
            -1
          </div>
          <div
            className="col-1"
          >
            4
          </div>
          <div
            className="col-2"
          >
            notation
          </div>
          <div
            className="col-1"
          >
            <button
              className="btn btn-primary"
              onClick={[Function]}
              type="submit"
            >
              Delete
            </button>
          </div>
        </div>
      </div>
      <div
        key="aahs-c"
      >
        <div
          className="row"
          onClick={[Function]}
        >
          <div
            className="col-1"
          >
            aahs-c
          </div>
          <div
            className="col-3"
          >
            <div>
              <span>
                C5/h A4 G4 E C
              </span>
              <span
                id="http://localhost:8080/api/sequence/60-notation-1"
              />
            </div>
          </div>
          <div
            className="col-2 component"
          >
            <div
              className="row"
            >
              <div
                className="col-md-6"
              >
                <span
                  className="numerator"
                >
                  2
                </span>
              </div>
              <div
                className="col-md-6"
              >
                 
              </div>
            </div>
          </div>
          <div
            className="col-1"
          >
            0
          </div>
          <div
            className="col-1"
          >
            -1
          </div>
          <div
            className="col-1"
          >
            4
          </div>
          <div
            className="col-2"
          >
            notation
          </div>
          <div
            className="col-1"
          >
            <button
              className="btn btn-primary"
              onClick={[Function]}
              type="submit"
            >
              Delete
            </button>
          </div>
        </div>
      </div>
      <div
        key="crash"
      >
        <div
          className="row"
          onClick={[Function]}
        >
          <div
            className="col-1"
          >
            crash
          </div>
          <div
            className="col-3"
          >
            <div
              className="row"
            >
              <div
                className="col-4"
              >
                87
              </div>
              <div
                className="col-8 component"
              >
                <div
                  className="row"
                >
                  <div
                    className="col-4"
                  >
                    46
                  </div>
                  <div
                    className="col-4"
                  >
                    40
                  </div>
                  <div
                    className="col-4"
                  />
                </div>
              </div>
            </div>
          </div>
          <div
            className="col-2 component"
          >
            <div
              className="row"
            >
              <div
                className="col-md-6"
              >
                <span
                  className="numerator"
                >
                  1
                </span>
              </div>
              <div
                className="col-md-6"
              >
                <span
                  className="denominator"
                >
                  /
                  2
                </span>
                 
              </div>
            </div>
          </div>
          <div
            className="col-1"
          >
            0
          </div>
          <div
            className="col-1"
          >
            -1
          </div>
          <div
            className="col-1"
          >
            9
          </div>
          <div
            className="col-2"
          >
            pattern
          </div>
          <div
            className="col-1"
          >
            <button
              className="btn btn-primary"
              onClick={[Function]}
              type="submit"
            >
              Delete
            </button>
          </div>
        </div>
      </div>
      <div
        key="hi"
      >
        <div
          className="row"
          onClick={[Function]}
        >
          <div
            className="col-1"
          >
            hi
          </div>
          <div
            className="col-3"
          >
            <div
              className="row"
            >
              <div
                className="col-4"
              >
                15
              </div>
              <div
                className="col-8 component"
              >
                <div
                  className="row"
                >
                  <div
                    className="col-4"
                  >
                    42
                  </div>
                  <div
                    className="col-4"
                  >
                    40
                  </div>
                  <div
                    className="col-4"
                  />
                </div>
              </div>
            </div>
          </div>
          <div
            className="col-2 component"
          >
            <div
              className="row"
            >
              <div
                className="col-md-6"
              >
                <span
                  className="numerator"
                >
                  1
                </span>
              </div>
              <div
                className="col-md-6"
              >
                <span
                  className="denominator"
                >
                  /
                  2
                </span>
                 
              </div>
            </div>
          </div>
          <div
            className="col-1"
          >
            0
          </div>
          <div
            className="col-1"
          >
            -1
          </div>
          <div
            className="col-1"
          >
            9
          </div>
          <div
            className="col-2"
          >
            pattern
          </div>
          <div
            className="col-1"
          >
            <button
              className="btn btn-primary"
              onClick={[Function]}
              type="submit"
            >
              Delete
            </button>
          </div>
        </div>
      </div>
      <div
        key="kick1"
      >
        <div
          className="row"
          onClick={[Function]}
        >
          <div
            className="col-1"
          >
            kick1
          </div>
          <div
            className="col-3"
          >
            <div
              className="row"
            >
              <div
                className="col-4"
              >
                13
              </div>
              <div
                className="col-8 component"
              >
                <div
                  className="row"
                >
                  <div
                    className="col-4"
                  >
                    33
                  </div>
                  <div
                    className="col-4"
                  >
                    40
                  </div>
                  <div
                    className="col-4"
                  />
                </div>
              </div>
            </div>
          </div>
          <div
            className="col-2 component"
          >
            <div
              className="row"
            >
              <div
                className="col-md-6"
              >
                <span
                  className="numerator"
                >
                  1
                </span>
              </div>
              <div
                className="col-md-6"
              >
                <span
                  className="denominator"
                >
                  /
                  2
                </span>
                 
              </div>
            </div>
          </div>
          <div
            className="col-1"
          >
            0
          </div>
          <div
            className="col-1"
          >
            -1
          </div>
          <div
            className="col-1"
          >
            9
          </div>
          <div
            className="col-2"
          >
            pattern
          </div>
          <div
            className="col-1"
          >
            <button
              className="btn btn-primary"
              onClick={[Function]}
              type="submit"
            >
              Delete
            </button>
          </div>
        </div>
      </div>
      <div
        key="kick2"
      >
        <div
          className="row"
          onClick={[Function]}
        >
          <div
            className="col-1"
          >
            kick2
          </div>
          <div
            className="col-3"
          >
            <div
              className="row"
            >
              <div
                className="col-4"
              >
                65
              </div>
              <div
                className="col-8 component"
              >
                <div
                  className="row"
                >
                  <div
                    className="col-4"
                  >
                    33
                  </div>
                  <div
                    className="col-4"
                  >
                    40
                  </div>
                  <div
                    className="col-4"
                  />
                </div>
              </div>
            </div>
          </div>
          <div
            className="col-2 component"
          >
            <div
              className="row"
            >
              <div
                className="col-md-6"
              >
                <span
                  className="numerator"
                >
                  1
                </span>
              </div>
              <div
                className="col-md-6"
              >
                <span
                  className="denominator"
                >
                  /
                  4
                </span>
                 
              </div>
            </div>
          </div>
          <div
            className="col-1"
          >
            0
          </div>
          <div
            className="col-1"
          >
            -1
          </div>
          <div
            className="col-1"
          >
            9
          </div>
          <div
            className="col-2"
          >
            pattern
          </div>
          <div
            className="col-1"
          >
            <button
              className="btn btn-primary"
              onClick={[Function]}
              type="submit"
            >
              Delete
            </button>
          </div>
        </div>
      </div>
      <div
        key="kick3"
      >
        <div
          className="row"
          onClick={[Function]}
        >
          <div
            className="col-1"
          >
            kick3
          </div>
          <div
            className="col-3"
          >
            <div
              className="row"
            >
              <div
                className="col-4"
              >
                87
              </div>
              <div
                className="col-8 component"
              >
                <div
                  className="row"
                >
                  <div
                    className="col-4"
                  >
                    33
                  </div>
                  <div
                    className="col-4"
                  >
                    40
                  </div>
                  <div
                    className="col-4"
                  />
                </div>
              </div>
            </div>
          </div>
          <div
            className="col-2 component"
          >
            <div
              className="row"
            >
              <div
                className="col-md-6"
              >
                <span
                  className="numerator"
                >
                  1
                </span>
              </div>
              <div
                className="col-md-6"
              >
                <span
                  className="denominator"
                >
                  /
                  4
                </span>
                 
              </div>
            </div>
          </div>
          <div
            className="col-1"
          >
            0
          </div>
          <div
            className="col-1"
          >
            -1
          </div>
          <div
            className="col-1"
          >
            9
          </div>
          <div
            className="col-2"
          >
            pattern
          </div>
          <div
            className="col-1"
          >
            <button
              className="btn btn-primary"
              onClick={[Function]}
              type="submit"
            >
              Delete
            </button>
          </div>
        </div>
      </div>
      <div
        key="notes"
      >
        <div
          className="row"
          onClick={[Function]}
        >
          <div
            className="col-1"
          >
            notes
          </div>
          <div
            className="col-3"
          >
            <div>
              <span>
                C5/h C/q C6 A5 A5/8 C5/8 A5
              </span>
              <span
                id="http://localhost:8080/api/sequence/44-notation-1"
              />
            </div>
          </div>
          <div
            className="col-2 component"
          >
            <div
              className="row"
            >
              <div
                className="col-md-6"
              />
              <div
                className="col-md-6"
              >
                 
              </div>
            </div>
          </div>
          <div
            className="col-1"
          >
            0
          </div>
          <div
            className="col-1"
          >
            -1
          </div>
          <div
            className="col-1"
          >
            1
          </div>
          <div
            className="col-2"
          >
            notation
          </div>
          <div
            className="col-1"
          >
            <button
              className="btn btn-primary"
              onClick={[Function]}
              type="submit"
            >
              Delete
            </button>
          </div>
        </div>
      </div>
      <div
        key="notes-c4"
      >
        <div
          className="row"
          onClick={[Function]}
        >
          <div
            className="col-1"
          >
            notes-c4
          </div>
          <div
            className="col-3"
          >
            <div>
              <span>
                C4/h C/q
              </span>
              <span
                id="http://localhost:8080/api/sequence/42-notation-1"
              />
            </div>
          </div>
          <div
            className="col-2 component"
          >
            <div
              className="row"
            >
              <div
                className="col-md-6"
              />
              <div
                className="col-md-6"
              >
                 
              </div>
            </div>
          </div>
          <div
            className="col-1"
          >
            0
          </div>
          <div
            className="col-1"
          >
            -1
          </div>
          <div
            className="col-1"
          >
            1
          </div>
          <div
            className="col-2"
          >
            notation
          </div>
          <div
            className="col-1"
          >
            <button
              className="btn btn-primary"
              onClick={[Function]}
              type="submit"
            >
              Delete
            </button>
          </div>
        </div>
      </div>
      <div
        key="notes-c5"
      >
        <div
          className="row"
          onClick={[Function]}
        >
          <div
            className="col-1"
          >
            notes-c5
          </div>
          <div
            className="col-3"
          >
            <div>
              <span>
                C5/h C/q
              </span>
              <span
                id="http://localhost:8080/api/sequence/40-notation-1"
              />
            </div>
          </div>
          <div
            className="col-2 component"
          >
            <div
              className="row"
            >
              <div
                className="col-md-6"
              />
              <div
                className="col-md-6"
              >
                 
              </div>
            </div>
          </div>
          <div
            className="col-1"
          >
            0
          </div>
          <div
            className="col-1"
          >
            -1
          </div>
          <div
            className="col-1"
          >
            1
          </div>
          <div
            className="col-2"
          >
            notation
          </div>
          <div
            className="col-1"
          >
            <button
              className="btn btn-primary"
              onClick={[Function]}
              type="submit"
            >
              Delete
            </button>
          </div>
        </div>
      </div>
      <div
        key="organ-a"
      >
        <div
          className="row"
          onClick={[Function]}
        >
          <div
            className="col-1"
          >
            organ-a
          </div>
          <div
            className="col-3"
          >
            <div>
              <span>
                A5/8
              </span>
              <span
                id="http://localhost:8080/api/sequence/52-notation-1"
              />
            </div>
          </div>
          <div
            className="col-2 component"
          >
            <div
              className="row"
            >
              <div
                className="col-md-6"
              />
              <div
                className="col-md-6"
              >
                 
              </div>
            </div>
          </div>
          <div
            className="col-1"
          >
            0
          </div>
          <div
            className="col-1"
          >
            -1
          </div>
          <div
            className="col-1"
          >
            2
          </div>
          <div
            className="col-2"
          >
            notation
          </div>
          <div
            className="col-1"
          >
            <button
              className="btn btn-primary"
              onClick={[Function]}
              type="submit"
            >
              Delete
            </button>
          </div>
        </div>
      </div>
      <div
        key="organ-b"
      >
        <div
          className="row"
          onClick={[Function]}
        >
          <div
            className="col-1"
          >
            organ-b
          </div>
          <div
            className="col-3"
          >
            <div>
              <span>
                G5/q
              </span>
              <span
                id="http://localhost:8080/api/sequence/54-notation-1"
              />
            </div>
          </div>
          <div
            className="col-2 component"
          >
            <div
              className="row"
            >
              <div
                className="col-md-6"
              />
              <div
                className="col-md-6"
              >
                 
              </div>
            </div>
          </div>
          <div
            className="col-1"
          >
            0
          </div>
          <div
            className="col-1"
          >
            -1
          </div>
          <div
            className="col-1"
          >
            2
          </div>
          <div
            className="col-2"
          >
            notation
          </div>
          <div
            className="col-1"
          >
            <button
              className="btn btn-primary"
              onClick={[Function]}
              type="submit"
            >
              Delete
            </button>
          </div>
        </div>
      </div>
      <div
        key="organ-c"
      >
        <div
          className="row"
          onClick={[Function]}
        >
          <div
            className="col-1"
          >
            organ-c
          </div>
          <div
            className="col-3"
          >
            <div>
              <span>
                G/q C C/8 A/8 G/q C D/8 A/8
              </span>
              <span
                id="http://localhost:8080/api/sequence/56-notation-1"
              />
            </div>
          </div>
          <div
            className="col-2 component"
          >
            <div
              className="row"
            >
              <div
                className="col-md-6"
              />
              <div
                className="col-md-6"
              >
                 
              </div>
            </div>
          </div>
          <div
            className="col-1"
          >
            0
          </div>
          <div
            className="col-1"
          >
            -1
          </div>
          <div
            className="col-1"
          >
            2
          </div>
          <div
            className="col-2"
          >
            notation
          </div>
          <div
            className="col-1"
          >
            <button
              className="btn btn-primary"
              onClick={[Function]}
              type="submit"
            >
              Delete
            </button>
          </div>
        </div>
      </div>
      <div
        key="piano-a"
      >
        <div
          className="row"
          onClick={[Function]}
        >
          <div
            className="col-1"
          >
            piano-a
          </div>
          <div
            className="col-3"
          >
            <div>
              <span>
                A/q G/8 A/q G
              </span>
              <span
                id="http://localhost:8080/api/sequence/28-notation-1"
              />
            </div>
          </div>
          <div
            className="col-2 component"
          >
            <div
              className="row"
            >
              <div
                className="col-md-6"
              />
              <div
                className="col-md-6"
              >
                 
              </div>
            </div>
          </div>
          <div
            className="col-1"
          >
            0
          </div>
          <div
            className="col-1"
          >
            -1
          </div>
          <div
            className="col-1"
          >
            1
          </div>
          <div
            className="col-2"
          >
            notation
          </div>
          <div
            className="col-1"
          >
            <button
              className="btn btn-primary"
              onClick={[Function]}
              type="submit"
            >
              Delete
            </button>
          </div>
        </div>
      </div>
      <div
        key="piano-a3"
      >
        <div
          className="row"
          onClick={[Function]}
        >
          <div
            className="col-1"
          >
            piano-a3
          </div>
          <div
            className="col-3"
          >
            <div>
              <span>
                A3 A A/8 A A/q
              </span>
              <span
                id="http://localhost:8080/api/sequence/32-notation-1"
              />
            </div>
          </div>
          <div
            className="col-2 component"
          >
            <div
              className="row"
            >
              <div
                className="col-md-6"
              />
              <div
                className="col-md-6"
              >
                 
              </div>
            </div>
          </div>
          <div
            className="col-1"
          >
            0
          </div>
          <div
            className="col-1"
          >
            -1
          </div>
          <div
            className="col-1"
          >
            1
          </div>
          <div
            className="col-2"
          >
            notation
          </div>
          <div
            className="col-1"
          >
            <button
              className="btn btn-primary"
              onClick={[Function]}
              type="submit"
            >
              Delete
            </button>
          </div>
        </div>
      </div>
      <div
        key="piano-g3"
      >
        <div
          className="row"
          onClick={[Function]}
        >
          <div
            className="col-1"
          >
            piano-g3
          </div>
          <div
            className="col-3"
          >
            <div>
              <span>
                G3 G G/8 A C/q G2 G G3/8 G G/q
              </span>
              <span
                id="http://localhost:8080/api/sequence/38-notation-1"
              />
            </div>
          </div>
          <div
            className="col-2 component"
          >
            <div
              className="row"
            >
              <div
                className="col-md-6"
              />
              <div
                className="col-md-6"
              >
                 
              </div>
            </div>
          </div>
          <div
            className="col-1"
          >
            0
          </div>
          <div
            className="col-1"
          >
            -1
          </div>
          <div
            className="col-1"
          >
            1
          </div>
          <div
            className="col-2"
          >
            notation
          </div>
          <div
            className="col-1"
          >
            <button
              className="btn btn-primary"
              onClick={[Function]}
              type="submit"
            >
              Delete
            </button>
          </div>
        </div>
      </div>
      <div
        key="shake"
      >
        <div
          className="row"
          onClick={[Function]}
        >
          <div
            className="col-1"
          >
            shake
          </div>
          <div
            className="col-3"
          >
            <div
              className="row"
            >
              <div
                className="col-4"
              >
                15
              </div>
              <div
                className="col-8 component"
              >
                <div
                  className="row"
                >
                  <div
                    className="col-4"
                  >
                    69
                  </div>
                  <div
                    className="col-4"
                  >
                    40
                  </div>
                  <div
                    className="col-4"
                  />
                </div>
              </div>
            </div>
          </div>
          <div
            className="col-2 component"
          >
            <div
              className="row"
            >
              <div
                className="col-md-6"
              />
              <div
                className="col-md-6"
              >
                 
              </div>
            </div>
          </div>
          <div
            className="col-1"
          >
            0
          </div>
          <div
            className="col-1"
          >
            -1
          </div>
          <div
            className="col-1"
          >
            9
          </div>
          <div
            className="col-2"
          >
            pattern
          </div>
          <div
            className="col-1"
          >
            <button
              className="btn btn-primary"
              onClick={[Function]}
              type="submit"
            >
              Delete
            </button>
          </div>
        </div>
      </div>
      <div
        key="strings"
      >
        <div
          className="row"
          onClick={[Function]}
        >
          <div
            className="col-1"
          >
            strings
          </div>
          <div
            className="col-3"
          >
            <div>
              <span>
                C5/h C/q C6 A5
              </span>
              <span
                id="http://localhost:8080/api/sequence/50-notation-1"
              />
            </div>
          </div>
          <div
            className="col-2 component"
          >
            <div
              className="row"
            >
              <div
                className="col-md-6"
              />
              <div
                className="col-md-6"
              >
                 
              </div>
            </div>
          </div>
          <div
            className="col-1"
          >
            0
          </div>
          <div
            className="col-1"
          >
            -1
          </div>
          <div
            className="col-1"
          >
            3
          </div>
          <div
            className="col-2"
          >
            notation
          </div>
          <div
            className="col-1"
          >
            <button
              className="btn btn-primary"
              onClick={[Function]}
              type="submit"
            >
              Delete
            </button>
          </div>
        </div>
      </div>
      <div
        key="strings-c4"
      >
        <div
          className="row"
          onClick={[Function]}
        >
          <div
            className="col-1"
          >
            strings-c4
          </div>
          <div
            className="col-3"
          >
            <div>
              <span>
                C4/h C/q
              </span>
              <span
                id="http://localhost:8080/api/sequence/48-notation-1"
              />
            </div>
          </div>
          <div
            className="col-2 component"
          >
            <div
              className="row"
            >
              <div
                className="col-md-6"
              />
              <div
                className="col-md-6"
              >
                 
              </div>
            </div>
          </div>
          <div
            className="col-1"
          >
            0
          </div>
          <div
            className="col-1"
          >
            -1
          </div>
          <div
            className="col-1"
          >
            3
          </div>
          <div
            className="col-2"
          >
            notation
          </div>
          <div
            className="col-1"
          >
            <button
              className="btn btn-primary"
              onClick={[Function]}
              type="submit"
            >
              Delete
            </button>
          </div>
        </div>
      </div>
      <div
        key="strings-c5"
      >
        <div
          className="row"
          onClick={[Function]}
        >
          <div
            className="col-1"
          >
            strings-c5
          </div>
          <div
            className="col-3"
          >
            <div>
              <span>
                C5/h C/q
              </span>
              <span
                id="http://localhost:8080/api/sequence/46-notation-1"
              />
            </div>
          </div>
          <div
            className="col-2 component"
          >
            <div
              className="row"
            >
              <div
                className="col-md-6"
              />
              <div
                className="col-md-6"
              >
                 
              </div>
            </div>
          </div>
          <div
            className="col-1"
          >
            0
          </div>
          <div
            className="col-1"
          >
            -1
          </div>
          <div
            className="col-1"
          >
            3
          </div>
          <div
            className="col-2"
          >
            notation
          </div>
          <div
            className="col-1"
          >
            <button
              className="btn btn-primary"
              onClick={[Function]}
              type="submit"
            >
              Delete
            </button>
          </div>
        </div>
      </div>
      <div
        key="test"
      >
        <div
          className="row"
          onClick={[Function]}
        >
          <div
            className="col-1"
          >
            test
          </div>
          <div
            className="col-3"
          >
            <div>
              <span />
              <span
                id="http://localhost:8080/api/sequence/5537-notation-1"
              />
            </div>
          </div>
          <div
            className="col-2 component"
          >
            <div
              className="row"
            >
              <div
                className="col-md-6"
              />
              <div
                className="col-md-6"
              >
                 
              </div>
            </div>
          </div>
          <div
            className="col-1"
          >
            0
          </div>
          <div
            className="col-1"
          >
            -1
          </div>
          <div
            className="col-1"
          >
            1
          </div>
          <div
            className="col-2"
          >
            notation
          </div>
          <div
            className="col-1"
          >
            <button
              className="btn btn-primary"
              onClick={[Function]}
              type="submit"
            >
              Delete
            </button>
          </div>
        </div>
      </div>
      <hr />
      <div
        className="entityCreate row"
      >
        <div
          className="col-1"
          key="name"
        >
          <input
            className="inline"
            defaultValue={undefined}
            maxLength={8}
            onKeyPress={[Function]}
            placeholder="name"
            size={8}
            type="text"
          />
        </div>
        <input
          key="format"
          name="format"
          type="hidden"
          value="natural"
        />
        <div
          className="col-3"
          key="notation"
        >
          <div>
            <span>
              <input
                className="inline"
                defaultValue={undefined}
                onChange={[Function]}
                onKeyPress={[Function]}
                placeholder="notation"
                size={0}
                type="text"
              />
            </span>
            <div
              id="undefined-notation-1"
              key="undefined-notation-1"
              style={
                Object {
                  "height": "120px",
                  "width": "800px",
                }
              }
            />
          </div>
        </div>
        <div
          className="component col-2"
          key="tick"
        >
          <div
            className="row"
          >
            <div
              className="col-6"
              key="tick.numerator"
            >
              <input
                className="inline"
                defaultValue={1}
                maxLength={1024}
                onKeyPress={[Function]}
                placeholder="tick.numerator"
                size={3}
                type="text"
              />
            </div>
            <div
              className="col-6"
              key="tick.denominator"
            >
              <span>
                /
              </span>
              <input
                className="inline"
                defaultValue={1}
                maxLength={1024}
                onKeyPress={[Function]}
                placeholder="tick.denominator"
                size={3}
                type="text"
              />
            </div>
            <input
              key="tick.timeUnit"
              name="tick.timeUnit"
              type="hidden"
              value="BEAT"
            />
          </div>
        </div>
        <div
          className="col-1"
          key="offset"
        >
          <input
            className="inline"
            defaultValue={0}
            maxLength={1024}
            onKeyPress={[Function]}
            placeholder="offset"
            size={3}
            type="text"
          />
        </div>
        <div
          className="col-1"
          key="length"
        >
          <input
            className="inline"
            defaultValue={-1}
            maxLength={1024}
            onKeyPress={[Function]}
            placeholder="length"
            size={3}
            type="text"
          />
        </div>
        <div
          className="col-1"
          key="channel"
        >
          <input
            className="inline"
            defaultValue={1}
            maxLength={1024}
            onKeyPress={[Function]}
            placeholder="channel"
            size={3}
            type="text"
          />
        </div>
        <div
          className="col-2"
          key="flowName"
        >
          <span>
            notation
          </span>
          <input
            name="flowName"
            type="hidden"
            value="notation"
          />
        </div>
        <input
          key="layers"
          name="layers"
          type="hidden"
          value=""
        />
        <div
          className="col-1"
        >
          <input
            name="project"
            type="hidden"
            value="http://localhost:8080/api/project/1"
          />
          <input
            name="path"
            type="hidden"
            value="sequence"
          />
          <button
            className="btn btn-primary"
            onClick={[Function]}
            type="submit"
          >
            Create
          </button>
        </div>
      </div>
      <div
        className="entityCreate row"
      >
        <div
          className="col-1"
          key="name"
        >
          <input
            className="inline"
            defaultValue={undefined}
            maxLength={8}
            onKeyPress={[Function]}
            placeholder="name"
            size={8}
            type="text"
          />
        </div>
        <div
          className="col-1"
          key="bits"
        >
          <input
            className="inline"
            defaultValue={1}
            maxLength={1024}
            onKeyPress={[Function]}
            placeholder="bits"
            size={3}
            type="text"
          />
        </div>
        <div
          className="component col-2"
          key="note"
        >
          <div
            className="row"
          >
            <div
              className="col-4"
              key="note.number"
            >
              <input
                className="inline"
                defaultValue={60}
                maxLength={3}
                onKeyPress={[Function]}
                placeholder="note.number"
                size={3}
                type="text"
              />
            </div>
            <div
              className="col-4"
              key="note.velocity"
            >
              <input
                className="inline"
                defaultValue={100}
                maxLength={3}
                onKeyPress={[Function]}
                placeholder="note.velocity"
                size={3}
                type="text"
              />
            </div>
            <div
              className="col-4"
              key="note.numerator"
            >
              <input
                className="inline"
                defaultValue={1}
                maxLength={1024}
                onKeyPress={[Function]}
                placeholder="note.numerator"
                size={3}
                type="text"
              />
            </div>
            <input
              key="note.denominator"
              name="note.denominator"
              type="hidden"
              value={1}
            />
          </div>
        </div>
        <div
          className="component col-2"
          key="tick"
        >
          <div
            className="row"
          >
            <div
              className="col-6"
              key="tick.numerator"
            >
              <input
                className="inline"
                defaultValue={1}
                maxLength={1024}
                onKeyPress={[Function]}
                placeholder="tick.numerator"
                size={3}
                type="text"
              />
            </div>
            <div
              className="col-6"
              key="tick.denominator"
            >
              <span>
                /
              </span>
              <input
                className="inline"
                defaultValue={1}
                maxLength={1024}
                onKeyPress={[Function]}
                placeholder="tick.denominator"
                size={3}
                type="text"
              />
            </div>
            <input
              key="tick.timeUnit"
              name="tick.timeUnit"
              type="hidden"
              value="BEAT"
            />
          </div>
        </div>
        <div
          className="col-1"
          key="offset"
        >
          <input
            className="inline"
            defaultValue={0}
            maxLength={1024}
            onKeyPress={[Function]}
            placeholder="offset"
            size={3}
            type="text"
          />
        </div>
        <div
          className="col-1"
          key="length"
        >
          <input
            className="inline"
            defaultValue={-1}
            maxLength={1024}
            onKeyPress={[Function]}
            placeholder="length"
            size={3}
            type="text"
          />
        </div>
        <div
          className="col-1"
          key="channel"
        >
          <input
            className="inline"
            defaultValue={1}
            maxLength={1024}
            onKeyPress={[Function]}
            placeholder="channel"
            size={3}
            type="text"
          />
        </div>
        <div
          className="col-2"
          key="flowName"
        >
          <span>
            pattern
          </span>
          <input
            name="flowName"
            type="hidden"
            value="pattern"
          />
        </div>
        <input
          key="layers"
          name="layers"
          type="hidden"
          value=""
        />
        <div
          className="col-1"
        >
          <input
            name="project"
            type="hidden"
            value="http://localhost:8080/api/project/1"
          />
          <input
            name="path"
            type="hidden"
            value="sequence"
          />
          <button
            className="btn btn-primary"
            onClick={[Function]}
            type="submit"
          >
            Create
          </button>
        </div>
      </div>
    </div>
  </div>
</div>
`;

exports[`Sequences container renders OK 2`] = `
<div>
  <div>
    <div
      className="container"
    >
      <div
        className="row"
      >
        <div
          className="col-1"
        >
          Name
        </div>
        <div
          className="col-3"
        >
           
        </div>
        <div
          className="col-2"
        >
          Tick
        </div>
        <div
          className="col-1"
        >
          Offset
        </div>
        <div
          className="col-1"
        >
          Length
        </div>
        <div
          className="col-1"
        >
          Channel
        </div>
        <div
          className="col-2"
        >
          Flow Name
        </div>
      </div>
      <div
        key="aahs-a"
      >
        <div
          className="row"
          onClick={[Function]}
        >
          <div
            className="col-1"
          >
            aahs-a
          </div>
          <div
            className="col-3"
          >
            <div>
              <span>
                C A C5/h C5/8
              </span>
              <span
                id="http://localhost:8080/api/sequence/58-notation-1"
              />
            </div>
          </div>
          <div
            className="col-2 component"
          >
            <div
              className="row"
            >
              <div
                className="col-md-6"
              />
              <div
                className="col-md-6"
              >
                 
              </div>
            </div>
          </div>
          <div
            className="col-1"
          >
            0
          </div>
          <div
            className="col-1"
          >
            -1
          </div>
          <div
            className="col-1"
          >
            4
          </div>
          <div
            className="col-2"
          >
            notation
          </div>
          <div
            className="col-1"
          >
            <button
              className="btn btn-primary"
              onClick={[Function]}
              type="submit"
            >
              Delete
            </button>
          </div>
        </div>
      </div>
      <div
        key="aahs-br"
      >
        <div
          className="row"
          onClick={[Function]}
        >
          <div
            className="col-1"
          >
            aahs-br
          </div>
          <div
            className="col-3"
          >
            <div>
              <span>
                C5/h A4 G4 E C
              </span>
              <span
                id="http://localhost:8080/api/sequence/62-notation-1"
              />
            </div>
          </div>
          <div
            className="col-2 component"
          >
            <div
              className="row"
            >
              <div
                className="col-md-6"
              />
              <div
                className="col-md-6"
              >
                 
              </div>
            </div>
          </div>
          <div
            className="col-1"
          >
            0
          </div>
          <div
            className="col-1"
          >
            -1
          </div>
          <div
            className="col-1"
          >
            4
          </div>
          <div
            className="col-2"
          >
            notation
          </div>
          <div
            className="col-1"
          >
            <button
              className="btn btn-primary"
              onClick={[Function]}
              type="submit"
            >
              Delete
            </button>
          </div>
        </div>
      </div>
      <div
        key="aahs-c"
      >
        <div
          className="row"
          onClick={[Function]}
        >
          <div
            className="col-1"
          >
            aahs-c
          </div>
          <div
            className="col-3"
          >
            <div>
              <span>
                C5/h A4 G4 E C
              </span>
              <span
                id="http://localhost:8080/api/sequence/60-notation-1"
              />
            </div>
          </div>
          <div
            className="col-2 component"
          >
            <div
              className="row"
            >
              <div
                className="col-md-6"
              >
                <span
                  className="numerator"
                >
                  2
                </span>
              </div>
              <div
                className="col-md-6"
              >
                 
              </div>
            </div>
          </div>
          <div
            className="col-1"
          >
            0
          </div>
          <div
            className="col-1"
          >
            -1
          </div>
          <div
            className="col-1"
          >
            4
          </div>
          <div
            className="col-2"
          >
            notation
          </div>
          <div
            className="col-1"
          >
            <button
              className="btn btn-primary"
              onClick={[Function]}
              type="submit"
            >
              Delete
            </button>
          </div>
        </div>
      </div>
      <div
        key="crash"
      >
        <div
          className="row"
          onClick={[Function]}
        >
          <div
            className="col-1"
          >
            crash
          </div>
          <div
            className="col-3"
          >
            <div
              className="row"
            >
              <div
                className="col-4"
              >
                87
              </div>
              <div
                className="col-8 component"
              >
                <div
                  className="row"
                >
                  <div
                    className="col-4"
                  >
                    46
                  </div>
                  <div
                    className="col-4"
                  >
                    40
                  </div>
                  <div
                    className="col-4"
                  />
                </div>
              </div>
            </div>
          </div>
          <div
            className="col-2 component"
          >
            <div
              className="row"
            >
              <div
                className="col-md-6"
              >
                <span
                  className="numerator"
                >
                  1
                </span>
              </div>
              <div
                className="col-md-6"
              >
                <span
                  className="denominator"
                >
                  /
                  2
                </span>
                 
              </div>
            </div>
          </div>
          <div
            className="col-1"
          >
            0
          </div>
          <div
            className="col-1"
          >
            -1
          </div>
          <div
            className="col-1"
          >
            9
          </div>
          <div
            className="col-2"
          >
            pattern
          </div>
          <div
            className="col-1"
          >
            <button
              className="btn btn-primary"
              onClick={[Function]}
              type="submit"
            >
              Delete
            </button>
          </div>
        </div>
      </div>
      <div
        key="hi"
      >
        <div
          className="row"
          onClick={[Function]}
        >
          <div
            className="col-1"
          >
            hi
          </div>
          <div
            className="col-3"
          >
            <div
              className="row"
            >
              <div
                className="col-4"
              >
                15
              </div>
              <div
                className="col-8 component"
              >
                <div
                  className="row"
                >
                  <div
                    className="col-4"
                  >
                    42
                  </div>
                  <div
                    className="col-4"
                  >
                    40
                  </div>
                  <div
                    className="col-4"
                  />
                </div>
              </div>
            </div>
          </div>
          <div
            className="col-2 component"
          >
            <div
              className="row"
            >
              <div
                className="col-md-6"
              >
                <span
                  className="numerator"
                >
                  1
                </span>
              </div>
              <div
                className="col-md-6"
              >
                <span
                  className="denominator"
                >
                  /
                  2
                </span>
                 
              </div>
            </div>
          </div>
          <div
            className="col-1"
          >
            0
          </div>
          <div
            className="col-1"
          >
            -1
          </div>
          <div
            className="col-1"
          >
            9
          </div>
          <div
            className="col-2"
          >
            pattern
          </div>
          <div
            className="col-1"
          >
            <button
              className="btn btn-primary"
              onClick={[Function]}
              type="submit"
            >
              Delete
            </button>
          </div>
        </div>
      </div>
      <div
        key="kick1"
      >
        <div
          className="row"
          onClick={[Function]}
        >
          <div
            className="col-1"
          >
            kick1
          </div>
          <div
            className="col-3"
          >
            <div
              className="row"
            >
              <div
                className="col-4"
              >
                13
              </div>
              <div
                className="col-8 component"
              >
                <div
                  className="row"
                >
                  <div
                    className="col-4"
                  >
                    33
                  </div>
                  <div
                    className="col-4"
                  >
                    40
                  </div>
                  <div
                    className="col-4"
                  />
                </div>
              </div>
            </div>
          </div>
          <div
            className="col-2 component"
          >
            <div
              className="row"
            >
              <div
                className="col-md-6"
              >
                <span
                  className="numerator"
                >
                  1
                </span>
              </div>
              <div
                className="col-md-6"
              >
                <span
                  className="denominator"
                >
                  /
                  2
                </span>
                 
              </div>
            </div>
          </div>
          <div
            className="col-1"
          >
            0
          </div>
          <div
            className="col-1"
          >
            -1
          </div>
          <div
            className="col-1"
          >
            9
          </div>
          <div
            className="col-2"
          >
            pattern
          </div>
          <div
            className="col-1"
          >
            <button
              className="btn btn-primary"
              onClick={[Function]}
              type="submit"
            >
              Delete
            </button>
          </div>
        </div>
      </div>
      <div
        key="kick2"
      >
        <div
          className="row"
          onClick={[Function]}
        >
          <div
            className="col-1"
          >
            kick2
          </div>
          <div
            className="col-3"
          >
            <div
              className="row"
            >
              <div
                className="col-4"
              >
                65
              </div>
              <div
                className="col-8 component"
              >
                <div
                  className="row"
                >
                  <div
                    className="col-4"
                  >
                    33
                  </div>
                  <div
                    className="col-4"
                  >
                    40
                  </div>
                  <div
                    className="col-4"
                  />
                </div>
              </div>
            </div>
          </div>
          <div
            className="col-2 component"
          >
            <div
              className="row"
            >
              <div
                className="col-md-6"
              >
                <span
                  className="numerator"
                >
                  1
                </span>
              </div>
              <div
                className="col-md-6"
              >
                <span
                  className="denominator"
                >
                  /
                  4
                </span>
                 
              </div>
            </div>
          </div>
          <div
            className="col-1"
          >
            0
          </div>
          <div
            className="col-1"
          >
            -1
          </div>
          <div
            className="col-1"
          >
            9
          </div>
          <div
            className="col-2"
          >
            pattern
          </div>
          <div
            className="col-1"
          >
            <button
              className="btn btn-primary"
              onClick={[Function]}
              type="submit"
            >
              Delete
            </button>
          </div>
        </div>
      </div>
      <div
        key="kick3"
      >
        <div
          className="row"
          onClick={[Function]}
        >
          <div
            className="col-1"
          >
            kick3
          </div>
          <div
            className="col-3"
          >
            <div
              className="row"
            >
              <div
                className="col-4"
              >
                87
              </div>
              <div
                className="col-8 component"
              >
                <div
                  className="row"
                >
                  <div
                    className="col-4"
                  >
                    33
                  </div>
                  <div
                    className="col-4"
                  >
                    40
                  </div>
                  <div
                    className="col-4"
                  />
                </div>
              </div>
            </div>
          </div>
          <div
            className="col-2 component"
          >
            <div
              className="row"
            >
              <div
                className="col-md-6"
              >
                <span
                  className="numerator"
                >
                  1
                </span>
              </div>
              <div
                className="col-md-6"
              >
                <span
                  className="denominator"
                >
                  /
                  4
                </span>
                 
              </div>
            </div>
          </div>
          <div
            className="col-1"
          >
            0
          </div>
          <div
            className="col-1"
          >
            -1
          </div>
          <div
            className="col-1"
          >
            9
          </div>
          <div
            className="col-2"
          >
            pattern
          </div>
          <div
            className="col-1"
          >
            <button
              className="btn btn-primary"
              onClick={[Function]}
              type="submit"
            >
              Delete
            </button>
          </div>
        </div>
      </div>
      <div
        key="notes"
      >
        <div
          className="row"
          onClick={[Function]}
        >
          <div
            className="col-1"
          >
            notes
          </div>
          <div
            className="col-3"
          >
            <div>
              <span>
                C5/h C/q C6 A5 A5/8 C5/8 A5
              </span>
              <span
                id="http://localhost:8080/api/sequence/44-notation-1"
              />
            </div>
          </div>
          <div
            className="col-2 component"
          >
            <div
              className="row"
            >
              <div
                className="col-md-6"
              />
              <div
                className="col-md-6"
              >
                 
              </div>
            </div>
          </div>
          <div
            className="col-1"
          >
            0
          </div>
          <div
            className="col-1"
          >
            -1
          </div>
          <div
            className="col-1"
          >
            1
          </div>
          <div
            className="col-2"
          >
            notation
          </div>
          <div
            className="col-1"
          >
            <button
              className="btn btn-primary"
              onClick={[Function]}
              type="submit"
            >
              Delete
            </button>
          </div>
        </div>
      </div>
      <div
        key="notes-c4"
      >
        <div
          className="row"
          onClick={[Function]}
        >
          <div
            className="col-1"
          >
            notes-c4
          </div>
          <div
            className="col-3"
          >
            <div>
              <span>
                C4/h C/q
              </span>
              <span
                id="http://localhost:8080/api/sequence/42-notation-1"
              />
            </div>
          </div>
          <div
            className="col-2 component"
          >
            <div
              className="row"
            >
              <div
                className="col-md-6"
              />
              <div
                className="col-md-6"
              >
                 
              </div>
            </div>
          </div>
          <div
            className="col-1"
          >
            0
          </div>
          <div
            className="col-1"
          >
            -1
          </div>
          <div
            className="col-1"
          >
            1
          </div>
          <div
            className="col-2"
          >
            notation
          </div>
          <div
            className="col-1"
          >
            <button
              className="btn btn-primary"
              onClick={[Function]}
              type="submit"
            >
              Delete
            </button>
          </div>
        </div>
      </div>
      <div
        key="notes-c5"
      >
        <div
          className="row"
          onClick={[Function]}
        >
          <div
            className="col-1"
          >
            notes-c5
          </div>
          <div
            className="col-3"
          >
            <div>
              <span>
                C5/h C/q
              </span>
              <span
                id="http://localhost:8080/api/sequence/40-notation-1"
              />
            </div>
          </div>
          <div
            className="col-2 component"
          >
            <div
              className="row"
            >
              <div
                className="col-md-6"
              />
              <div
                className="col-md-6"
              >
                 
              </div>
            </div>
          </div>
          <div
            className="col-1"
          >
            0
          </div>
          <div
            className="col-1"
          >
            -1
          </div>
          <div
            className="col-1"
          >
            1
          </div>
          <div
            className="col-2"
          >
            notation
          </div>
          <div
            className="col-1"
          >
            <button
              className="btn btn-primary"
              onClick={[Function]}
              type="submit"
            >
              Delete
            </button>
          </div>
        </div>
      </div>
      <div
        key="organ-a"
      >
        <div
          className="row"
          onClick={[Function]}
        >
          <div
            className="col-1"
          >
            organ-a
          </div>
          <div
            className="col-3"
          >
            <div>
              <span>
                A5/8
              </span>
              <span
                id="http://localhost:8080/api/sequence/52-notation-1"
              />
            </div>
          </div>
          <div
            className="col-2 component"
          >
            <div
              className="row"
            >
              <div
                className="col-md-6"
              />
              <div
                className="col-md-6"
              >
                 
              </div>
            </div>
          </div>
          <div
            className="col-1"
          >
            0
          </div>
          <div
            className="col-1"
          >
            -1
          </div>
          <div
            className="col-1"
          >
            2
          </div>
          <div
            className="col-2"
          >
            notation
          </div>
          <div
            className="col-1"
          >
            <button
              className="btn btn-primary"
              onClick={[Function]}
              type="submit"
            >
              Delete
            </button>
          </div>
        </div>
      </div>
      <div
        key="organ-b"
      >
        <div
          className="row"
          onClick={[Function]}
        >
          <div
            className="col-1"
          >
            organ-b
          </div>
          <div
            className="col-3"
          >
            <div>
              <span>
                G5/q
              </span>
              <span
                id="http://localhost:8080/api/sequence/54-notation-1"
              />
            </div>
          </div>
          <div
            className="col-2 component"
          >
            <div
              className="row"
            >
              <div
                className="col-md-6"
              />
              <div
                className="col-md-6"
              >
                 
              </div>
            </div>
          </div>
          <div
            className="col-1"
          >
            0
          </div>
          <div
            className="col-1"
          >
            -1
          </div>
          <div
            className="col-1"
          >
            2
          </div>
          <div
            className="col-2"
          >
            notation
          </div>
          <div
            className="col-1"
          >
            <button
              className="btn btn-primary"
              onClick={[Function]}
              type="submit"
            >
              Delete
            </button>
          </div>
        </div>
      </div>
      <div
        key="organ-c"
      >
        <div
          className="row"
          onClick={[Function]}
        >
          <div
            className="col-1"
          >
            organ-c
          </div>
          <div
            className="col-3"
          >
            <div>
              <span>
                G/q C C/8 A/8 G/q C D/8 A/8
              </span>
              <span
                id="http://localhost:8080/api/sequence/56-notation-1"
              />
            </div>
          </div>
          <div
            className="col-2 component"
          >
            <div
              className="row"
            >
              <div
                className="col-md-6"
              />
              <div
                className="col-md-6"
              >
                 
              </div>
            </div>
          </div>
          <div
            className="col-1"
          >
            0
          </div>
          <div
            className="col-1"
          >
            -1
          </div>
          <div
            className="col-1"
          >
            2
          </div>
          <div
            className="col-2"
          >
            notation
          </div>
          <div
            className="col-1"
          >
            <button
              className="btn btn-primary"
              onClick={[Function]}
              type="submit"
            >
              Delete
            </button>
          </div>
        </div>
      </div>
      <div
        key="piano-a"
      >
        <div
          className="row"
          onClick={[Function]}
        >
          <div
            className="col-1"
          >
            piano-a
          </div>
          <div
            className="col-3"
          >
            <div>
              <span>
                A/q G/8 A/q G
              </span>
              <span
                id="http://localhost:8080/api/sequence/28-notation-1"
              />
            </div>
          </div>
          <div
            className="col-2 component"
          >
            <div
              className="row"
            >
              <div
                className="col-md-6"
              />
              <div
                className="col-md-6"
              >
                 
              </div>
            </div>
          </div>
          <div
            className="col-1"
          >
            0
          </div>
          <div
            className="col-1"
          >
            -1
          </div>
          <div
            className="col-1"
          >
            1
          </div>
          <div
            className="col-2"
          >
            notation
          </div>
          <div
            className="col-1"
          >
            <button
              className="btn btn-primary"
              onClick={[Function]}
              type="submit"
            >
              Delete
            </button>
          </div>
        </div>
      </div>
      <div
        key="piano-a3"
      >
        <div
          className="row"
          onClick={[Function]}
        >
          <div
            className="col-1"
          >
            piano-a3
          </div>
          <div
            className="col-3"
          >
            <div>
              <span>
                A3 A A/8 A A/q
              </span>
              <span
                id="http://localhost:8080/api/sequence/32-notation-1"
              />
            </div>
          </div>
          <div
            className="col-2 component"
          >
            <div
              className="row"
            >
              <div
                className="col-md-6"
              />
              <div
                className="col-md-6"
              >
                 
              </div>
            </div>
          </div>
          <div
            className="col-1"
          >
            0
          </div>
          <div
            className="col-1"
          >
            -1
          </div>
          <div
            className="col-1"
          >
            1
          </div>
          <div
            className="col-2"
          >
            notation
          </div>
          <div
            className="col-1"
          >
            <button
              className="btn btn-primary"
              onClick={[Function]}
              type="submit"
            >
              Delete
            </button>
          </div>
        </div>
      </div>
      <div
        key="piano-g3"
      >
        <div
          className="row"
          onClick={[Function]}
        >
          <div
            className="col-1"
          >
            piano-g3
          </div>
          <div
            className="col-3"
          >
            <div>
              <span>
                G3 G G/8 A C/q G2 G G3/8 G G/q
              </span>
              <span
                id="http://localhost:8080/api/sequence/38-notation-1"
              />
            </div>
          </div>
          <div
            className="col-2 component"
          >
            <div
              className="row"
            >
              <div
                className="col-md-6"
              />
              <div
                className="col-md-6"
              >
                 
              </div>
            </div>
          </div>
          <div
            className="col-1"
          >
            0
          </div>
          <div
            className="col-1"
          >
            -1
          </div>
          <div
            className="col-1"
          >
            1
          </div>
          <div
            className="col-2"
          >
            notation
          </div>
          <div
            className="col-1"
          >
            <button
              className="btn btn-primary"
              onClick={[Function]}
              type="submit"
            >
              Delete
            </button>
          </div>
        </div>
      </div>
      <div
        key="shake"
      >
        <div
          className="row"
          onClick={[Function]}
        >
          <div
            className="col-1"
          >
            shake
          </div>
          <div
            className="col-3"
          >
            <div
              className="row"
            >
              <div
                className="col-4"
              >
                15
              </div>
              <div
                className="col-8 component"
              >
                <div
                  className="row"
                >
                  <div
                    className="col-4"
                  >
                    69
                  </div>
                  <div
                    className="col-4"
                  >
                    40
                  </div>
                  <div
                    className="col-4"
                  />
                </div>
              </div>
            </div>
          </div>
          <div
            className="col-2 component"
          >
            <div
              className="row"
            >
              <div
                className="col-md-6"
              />
              <div
                className="col-md-6"
              >
                 
              </div>
            </div>
          </div>
          <div
            className="col-1"
          >
            0
          </div>
          <div
            className="col-1"
          >
            -1
          </div>
          <div
            className="col-1"
          >
            9
          </div>
          <div
            className="col-2"
          >
            pattern
          </div>
          <div
            className="col-1"
          >
            <button
              className="btn btn-primary"
              onClick={[Function]}
              type="submit"
            >
              Delete
            </button>
          </div>
        </div>
      </div>
      <div
        key="strings"
      >
        <div
          className="row"
          onClick={[Function]}
        >
          <div
            className="col-1"
          >
            strings
          </div>
          <div
            className="col-3"
          >
            <div>
              <span>
                C5/h C/q C6 A5
              </span>
              <span
                id="http://localhost:8080/api/sequence/50-notation-1"
              />
            </div>
          </div>
          <div
            className="col-2 component"
          >
            <div
              className="row"
            >
              <div
                className="col-md-6"
              />
              <div
                className="col-md-6"
              >
                 
              </div>
            </div>
          </div>
          <div
            className="col-1"
          >
            0
          </div>
          <div
            className="col-1"
          >
            -1
          </div>
          <div
            className="col-1"
          >
            3
          </div>
          <div
            className="col-2"
          >
            notation
          </div>
          <div
            className="col-1"
          >
            <button
              className="btn btn-primary"
              onClick={[Function]}
              type="submit"
            >
              Delete
            </button>
          </div>
        </div>
      </div>
      <div
        key="strings-c4"
      >
        <div
          className="row"
          onClick={[Function]}
        >
          <div
            className="col-1"
          >
            strings-c4
          </div>
          <div
            className="col-3"
          >
            <div>
              <span>
                C4/h C/q
              </span>
              <span
                id="http://localhost:8080/api/sequence/48-notation-1"
              />
            </div>
          </div>
          <div
            className="col-2 component"
          >
            <div
              className="row"
            >
              <div
                className="col-md-6"
              />
              <div
                className="col-md-6"
              >
                 
              </div>
            </div>
          </div>
          <div
            className="col-1"
          >
            0
          </div>
          <div
            className="col-1"
          >
            -1
          </div>
          <div
            className="col-1"
          >
            3
          </div>
          <div
            className="col-2"
          >
            notation
          </div>
          <div
            className="col-1"
          >
            <button
              className="btn btn-primary"
              onClick={[Function]}
              type="submit"
            >
              Delete
            </button>
          </div>
        </div>
      </div>
      <div
        key="strings-c5"
      >
        <div
          className="row"
          onClick={[Function]}
        >
          <div
            className="col-1"
          >
            strings-c5
          </div>
          <div
            className="col-3"
          >
            <div>
              <span>
                C5/h C/q
              </span>
              <span
                id="http://localhost:8080/api/sequence/46-notation-1"
              />
            </div>
          </div>
          <div
            className="col-2 component"
          >
            <div
              className="row"
            >
              <div
                className="col-md-6"
              />
              <div
                className="col-md-6"
              >
                 
              </div>
            </div>
          </div>
          <div
            className="col-1"
          >
            0
          </div>
          <div
            className="col-1"
          >
            -1
          </div>
          <div
            className="col-1"
          >
            3
          </div>
          <div
            className="col-2"
          >
            notation
          </div>
          <div
            className="col-1"
          >
            <button
              className="btn btn-primary"
              onClick={[Function]}
              type="submit"
            >
              Delete
            </button>
          </div>
        </div>
      </div>
      <div
        key="test"
      >
        <div
          className="row"
          onClick={[Function]}
        >
          <div
            className="col-1"
          >
            test
          </div>
          <div
            className="col-3"
          >
            <div>
              <span />
              <span
                id="http://localhost:8080/api/sequence/5537-notation-1"
              />
            </div>
          </div>
          <div
            className="col-2 component"
          >
            <div
              className="row"
            >
              <div
                className="col-md-6"
              />
              <div
                className="col-md-6"
              >
                 
              </div>
            </div>
          </div>
          <div
            className="col-1"
          >
            0
          </div>
          <div
            className="col-1"
          >
            -1
          </div>
          <div
            className="col-1"
          >
            1
          </div>
          <div
            className="col-2"
          >
            notation
          </div>
          <div
            className="col-1"
          >
            <button
              className="btn btn-primary"
              onClick={[Function]}
              type="submit"
            >
              Delete
            </button>
          </div>
        </div>
      </div>
      <hr />
      <div
        className="entityCreate row"
      >
        <div
          className="col-1"
          key="name"
        >
          <input
            className="inline"
            defaultValue={undefined}
            maxLength={8}
            onKeyPress={[Function]}
            placeholder="name"
            size={8}
            type="text"
          />
        </div>
        <input
          key="format"
          name="format"
          type="hidden"
          value="natural"
        />
        <div
          className="col-3"
          key="notation"
        >
          <div>
            <span>
              <input
                className="inline"
                defaultValue={undefined}
                onChange={[Function]}
                onKeyPress={[Function]}
                placeholder="notation"
                size={0}
                type="text"
              />
            </span>
            <div
              id="undefined-notation-1"
              key="undefined-notation-1"
              style={
                Object {
                  "height": "120px",
                  "width": "800px",
                }
              }
            />
          </div>
        </div>
        <div
          className="component col-2"
          key="tick"
        >
          <div
            className="row"
          >
            <div
              className="col-6"
              key="tick.numerator"
            >
              <input
                className="inline"
                defaultValue={1}
                maxLength={1024}
                onKeyPress={[Function]}
                placeholder="tick.numerator"
                size={3}
                type="text"
              />
            </div>
            <div
              className="col-6"
              key="tick.denominator"
            >
              <span>
                /
              </span>
              <input
                className="inline"
                defaultValue={1}
                maxLength={1024}
                onKeyPress={[Function]}
                placeholder="tick.denominator"
                size={3}
                type="text"
              />
            </div>
            <input
              key="tick.timeUnit"
              name="tick.timeUnit"
              type="hidden"
              value="BEAT"
            />
          </div>
        </div>
        <div
          className="col-1"
          key="offset"
        >
          <input
            className="inline"
            defaultValue={0}
            maxLength={1024}
            onKeyPress={[Function]}
            placeholder="offset"
            size={3}
            type="text"
          />
        </div>
        <div
          className="col-1"
          key="length"
        >
          <input
            className="inline"
            defaultValue={-1}
            maxLength={1024}
            onKeyPress={[Function]}
            placeholder="length"
            size={3}
            type="text"
          />
        </div>
        <div
          className="col-1"
          key="channel"
        >
          <input
            className="inline"
            defaultValue={1}
            maxLength={1024}
            onKeyPress={[Function]}
            placeholder="channel"
            size={3}
            type="text"
          />
        </div>
        <div
          className="col-2"
          key="flowName"
        >
          <span>
            notation
          </span>
          <input
            name="flowName"
            type="hidden"
            value="notation"
          />
        </div>
        <input
          key="layers"
          name="layers"
          type="hidden"
          value=""
        />
        <div
          className="col-1"
        >
          <input
            name="project"
            type="hidden"
            value="http://localhost:8080/api/project/1"
          />
          <input
            name="path"
            type="hidden"
            value="sequence"
          />
          <button
            className="btn btn-primary"
            onClick={[Function]}
            type="submit"
          >
            Create
          </button>
        </div>
      </div>
      <div
        className="entityCreate row"
      >
        <div
          className="col-1"
          key="name"
        >
          <input
            className="inline"
            defaultValue={undefined}
            maxLength={8}
            onKeyPress={[Function]}
            placeholder="name"
            size={8}
            type="text"
          />
        </div>
        <div
          className="col-1"
          key="bits"
        >
          <input
            className="inline"
            defaultValue={1}
            maxLength={1024}
            onKeyPress={[Function]}
            placeholder="bits"
            size={3}
            type="text"
          />
        </div>
        <div
          className="component col-2"
          key="note"
        >
          <div
            className="row"
          >
            <div
              className="col-4"
              key="note.number"
            >
              <input
                className="inline"
                defaultValue={60}
                maxLength={3}
                onKeyPress={[Function]}
                placeholder="note.number"
                size={3}
                type="text"
              />
            </div>
            <div
              className="col-4"
              key="note.velocity"
            >
              <input
                className="inline"
                defaultValue={100}
                maxLength={3}
                onKeyPress={[Function]}
                placeholder="note.velocity"
                size={3}
                type="text"
              />
            </div>
            <div
              className="col-4"
              key="note.numerator"
            >
              <input
                className="inline"
                defaultValue={1}
                maxLength={1024}
                onKeyPress={[Function]}
                placeholder="note.numerator"
                size={3}
                type="text"
              />
            </div>
            <input
              key="note.denominator"
              name="note.denominator"
              type="hidden"
              value={1}
            />
          </div>
        </div>
        <div
          className="component col-2"
          key="tick"
        >
          <div
            className="row"
          >
            <div
              className="col-6"
              key="tick.numerator"
            >
              <input
                className="inline"
                defaultValue={1}
                maxLength={1024}
                onKeyPress={[Function]}
                placeholder="tick.numerator"
                size={3}
                type="text"
              />
            </div>
            <div
              className="col-6"
              key="tick.denominator"
            >
              <span>
                /
              </span>
              <input
                className="inline"
                defaultValue={1}
                maxLength={1024}
                onKeyPress={[Function]}
                placeholder="tick.denominator"
                size={3}
                type="text"
              />
            </div>
            <input
              key="tick.timeUnit"
              name="tick.timeUnit"
              type="hidden"
              value="BEAT"
            />
          </div>
        </div>
        <div
          className="col-1"
          key="offset"
        >
          <input
            className="inline"
            defaultValue={0}
            maxLength={1024}
            onKeyPress={[Function]}
            placeholder="offset"
            size={3}
            type="text"
          />
        </div>
        <div
          className="col-1"
          key="length"
        >
          <input
            className="inline"
            defaultValue={-1}
            maxLength={1024}
            onKeyPress={[Function]}
            placeholder="length"
            size={3}
            type="text"
          />
        </div>
        <div
          className="col-1"
          key="channel"
        >
          <input
            className="inline"
            defaultValue={1}
            maxLength={1024}
            onKeyPress={[Function]}
            placeholder="channel"
            size={3}
            type="text"
          />
        </div>
        <div
          className="col-2"
          key="flowName"
        >
          <span>
            pattern
          </span>
          <input
            name="flowName"
            type="hidden"
            value="pattern"
          />
        </div>
        <input
          key="layers"
          name="layers"
          type="hidden"
          value=""
        />
        <div
          className="col-1"
        >
          <input
            name="project"
            type="hidden"
            value="http://localhost:8080/api/project/1"
          />
          <input
            name="path"
            type="hidden"
            value="sequence"
          />
          <button
            className="btn btn-primary"
            onClick={[Function]}
            type="submit"
          >
            Create
          </button>
        </div>
      </div>
    </div>
  </div>
</div>
`;
