// Jest Snapshot v1, https://goo.gl/fbAQLP

exports[`Sequences container renders OK 1`] = `
<div>
  <SequenceList
    entities={Array []}
    flux={
      MockFlux {
        "client": [Function],
        "loadFromServer": [Function],
        "loadSchema": [Function],
        "onCreate": [Function],
        "onDelete": [Function],
        "onPatch": [Function],
        "onUpdate": [Function],
      }
    }
    onCreate={[Function]}
    onDelete={[Function]}
    path="sequence"
    project={
      Object {
        "_links": Object {
          "channels": Object {
            "href": "http://localhost:8080/api/project/1/channels",
          },
          "layers": Object {
            "href": "http://localhost:8080/api/project/1/layers",
          },
          "project": Object {
            "href": "http://localhost:8080/api/project/1",
          },
          "self": Object {
            "href": "http://localhost:8080/api/project/1",
          },
          "sequences": Object {
            "href": "http://localhost:8080/api/project/1/sequences",
          },
        },
        "name": "defaultProject",
      }
    }
    schema={
      Schema {
        "revision": undefined,
      }
    }
  />
</div>
`;

exports[`Sequences container renders OK 2`] = `
<div>
  <SequenceList
    entities={Array []}
    flux={
      MockFlux {
        "client": [Function],
        "loadFromServer": [Function],
        "loadSchema": [Function],
        "onCreate": [Function],
        "onDelete": [Function],
        "onPatch": [Function],
        "onUpdate": [Function],
      }
    }
    onCreate={[Function]}
    onDelete={[Function]}
    path="sequence"
    project={
      Object {
        "_links": Object {
          "channels": Object {
            "href": "http://localhost:8080/api/project/1/channels",
          },
          "layers": Object {
            "href": "http://localhost:8080/api/project/1/layers",
          },
          "project": Object {
            "href": "http://localhost:8080/api/project/1",
          },
          "self": Object {
            "href": "http://localhost:8080/api/project/1",
          },
          "sequences": Object {
            "href": "http://localhost:8080/api/project/1/sequences",
          },
        },
        "name": "defaultProject",
      }
    }
    schema={
      Schema {
        "revision": undefined,
      }
    }
  />
</div>
`;
