// Jest Snapshot v1, https://goo.gl/fbAQLP

exports[`Channels container Initialise 1`] = `
<Provider
  store={
    Object {
      "dispatch": [Function],
      "getState": [Function],
      "replaceReducer": [Function],
      "subscribe": [Function],
      Symbol(observable): [Function],
    }
  }
>
  <Connect(ChannelsContainer)
    performance={
      Object {
        "_embedded": Object {
          "performance": Array [
            Object {
              "_links": Object {
                "channels": Object {
                  "href": "http://localhost/api/rest/performance/34/channels",
                },
                "layers": Object {
                  "href": "http://localhost/api/rest/performance/34/layers",
                },
                "performance": Object {
                  "href": "http://localhost/api/rest/performance/34",
                },
                "self": Object {
                  "href": "http://localhost/api/rest/performance/34",
                },
                "sequences": Object {
                  "href": "http://localhost/api/rest/performance/34/sequences",
                },
                "triggers": Object {
                  "href": "http://localhost/api/rest/performance/34/triggers",
                },
              },
              "name": "com/purplepip/odin/demo/GroovePerformance",
            },
          ],
        },
        "_links": Object {
          "profile": Object {
            "href": "http://localhost/api/rest/profile/performance",
          },
          "search": Object {
            "href": "http://localhost/api/rest/performance/search",
          },
          "self": Object {
            "href": "http://localhost/api/rest/performance",
          },
        },
      }
    }
    schema={
      Schema {
        "revision": undefined,
      }
    }
  >
    <ChannelsContainer
      collection={
        Object {
          "entities": Array [
            Object {
              "_links": Object {
                "channel": Object {
                  "href": "http://localhost/api/rest/channel/36",
                },
                "performance": Object {
                  "href": "http://localhost/api/rest/channel/36/performance",
                },
                "self": Object {
                  "href": "http://localhost/api/rest/channel/36",
                },
              },
              "name": "Power Drums",
              "number": 9,
              "path": "channel",
              "program": 0,
              "programName": "Power Drums",
            },
            Object {
              "_links": Object {
                "channel": Object {
                  "href": "http://localhost/api/rest/channel/37",
                },
                "performance": Object {
                  "href": "http://localhost/api/rest/channel/37/performance",
                },
                "self": Object {
                  "href": "http://localhost/api/rest/channel/37",
                },
              },
              "name": "aahs",
              "number": 4,
              "path": "channel",
              "program": 0,
              "programName": "aahs",
            },
            Object {
              "_links": Object {
                "channel": Object {
                  "href": "http://localhost/api/rest/channel/38",
                },
                "performance": Object {
                  "href": "http://localhost/api/rest/channel/38/performance",
                },
                "self": Object {
                  "href": "http://localhost/api/rest/channel/38",
                },
              },
              "name": "bass",
              "number": 5,
              "path": "channel",
              "program": 0,
              "programName": "bass",
            },
            Object {
              "_links": Object {
                "channel": Object {
                  "href": "http://localhost/api/rest/channel/35",
                },
                "performance": Object {
                  "href": "http://localhost/api/rest/channel/35/performance",
                },
                "self": Object {
                  "href": "http://localhost/api/rest/channel/35",
                },
              },
              "name": "piano",
              "number": 1,
              "path": "channel",
              "program": 0,
              "programName": "piano",
            },
            Object {
              "_links": Object {
                "channel": Object {
                  "href": "http://localhost/api/rest/channel/39",
                },
                "performance": Object {
                  "href": "http://localhost/api/rest/channel/39/performance",
                },
                "self": Object {
                  "href": "http://localhost/api/rest/channel/39",
                },
              },
              "name": "rock",
              "number": 2,
              "path": "channel",
              "program": 0,
              "programName": "rock",
            },
            Object {
              "_links": Object {
                "channel": Object {
                  "href": "http://localhost/api/rest/channel/40",
                },
                "performance": Object {
                  "href": "http://localhost/api/rest/channel/40/performance",
                },
                "self": Object {
                  "href": "http://localhost/api/rest/channel/40",
                },
              },
              "name": "strings",
              "number": 3,
              "path": "channel",
              "program": 0,
              "programName": "strings",
            },
          ],
          "newEntities": Object {},
        }
      }
      onCreate={[Function]}
      onDelete={[Function]}
      onLoadEntities={[Function]}
      onUpdate={[Function]}
      path="channel"
      performance={
        Object {
          "_embedded": Object {
            "performance": Array [
              Object {
                "_links": Object {
                  "channels": Object {
                    "href": "http://localhost/api/rest/performance/34/channels",
                  },
                  "layers": Object {
                    "href": "http://localhost/api/rest/performance/34/layers",
                  },
                  "performance": Object {
                    "href": "http://localhost/api/rest/performance/34",
                  },
                  "self": Object {
                    "href": "http://localhost/api/rest/performance/34",
                  },
                  "sequences": Object {
                    "href": "http://localhost/api/rest/performance/34/sequences",
                  },
                  "triggers": Object {
                    "href": "http://localhost/api/rest/performance/34/triggers",
                  },
                },
                "name": "com/purplepip/odin/demo/GroovePerformance",
              },
            ],
          },
          "_links": Object {
            "profile": Object {
              "href": "http://localhost/api/rest/profile/performance",
            },
            "search": Object {
              "href": "http://localhost/api/rest/performance/search",
            },
            "self": Object {
              "href": "http://localhost/api/rest/performance",
            },
          },
        }
      }
      schema={
        Schema {
          "revision": undefined,
        }
      }
    >
      <div>
        <ChannelList
          collection={
            Object {
              "entities": Array [
                Object {
                  "_links": Object {
                    "channel": Object {
                      "href": "http://localhost/api/rest/channel/36",
                    },
                    "performance": Object {
                      "href": "http://localhost/api/rest/channel/36/performance",
                    },
                    "self": Object {
                      "href": "http://localhost/api/rest/channel/36",
                    },
                  },
                  "name": "Power Drums",
                  "number": 9,
                  "path": "channel",
                  "program": 0,
                  "programName": "Power Drums",
                },
                Object {
                  "_links": Object {
                    "channel": Object {
                      "href": "http://localhost/api/rest/channel/37",
                    },
                    "performance": Object {
                      "href": "http://localhost/api/rest/channel/37/performance",
                    },
                    "self": Object {
                      "href": "http://localhost/api/rest/channel/37",
                    },
                  },
                  "name": "aahs",
                  "number": 4,
                  "path": "channel",
                  "program": 0,
                  "programName": "aahs",
                },
                Object {
                  "_links": Object {
                    "channel": Object {
                      "href": "http://localhost/api/rest/channel/38",
                    },
                    "performance": Object {
                      "href": "http://localhost/api/rest/channel/38/performance",
                    },
                    "self": Object {
                      "href": "http://localhost/api/rest/channel/38",
                    },
                  },
                  "name": "bass",
                  "number": 5,
                  "path": "channel",
                  "program": 0,
                  "programName": "bass",
                },
                Object {
                  "_links": Object {
                    "channel": Object {
                      "href": "http://localhost/api/rest/channel/35",
                    },
                    "performance": Object {
                      "href": "http://localhost/api/rest/channel/35/performance",
                    },
                    "self": Object {
                      "href": "http://localhost/api/rest/channel/35",
                    },
                  },
                  "name": "piano",
                  "number": 1,
                  "path": "channel",
                  "program": 0,
                  "programName": "piano",
                },
                Object {
                  "_links": Object {
                    "channel": Object {
                      "href": "http://localhost/api/rest/channel/39",
                    },
                    "performance": Object {
                      "href": "http://localhost/api/rest/channel/39/performance",
                    },
                    "self": Object {
                      "href": "http://localhost/api/rest/channel/39",
                    },
                  },
                  "name": "rock",
                  "number": 2,
                  "path": "channel",
                  "program": 0,
                  "programName": "rock",
                },
                Object {
                  "_links": Object {
                    "channel": Object {
                      "href": "http://localhost/api/rest/channel/40",
                    },
                    "performance": Object {
                      "href": "http://localhost/api/rest/channel/40/performance",
                    },
                    "self": Object {
                      "href": "http://localhost/api/rest/channel/40",
                    },
                  },
                  "name": "strings",
                  "number": 3,
                  "path": "channel",
                  "program": 0,
                  "programName": "strings",
                },
              ],
              "newEntities": Object {},
            }
          }
          fields={
            Object {
              "number": Object {
                "cellWidth": 2,
                "defaultValue": 1,
              },
              "program": Object {
                "defaultValue": 0,
                "hidden": true,
              },
              "programName": Object {
                "cellWidth": 3,
                "defaultValue": "piano",
              },
            }
          }
          onCreate={[Function]}
          onDelete={[Function]}
          onUpdate={[Function]}
          path="channel"
          performance={
            Object {
              "_embedded": Object {
                "performance": Array [
                  Object {
                    "_links": Object {
                      "channels": Object {
                        "href": "http://localhost/api/rest/performance/34/channels",
                      },
                      "layers": Object {
                        "href": "http://localhost/api/rest/performance/34/layers",
                      },
                      "performance": Object {
                        "href": "http://localhost/api/rest/performance/34",
                      },
                      "self": Object {
                        "href": "http://localhost/api/rest/performance/34",
                      },
                      "sequences": Object {
                        "href": "http://localhost/api/rest/performance/34/sequences",
                      },
                      "triggers": Object {
                        "href": "http://localhost/api/rest/performance/34/triggers",
                      },
                    },
                    "name": "com/purplepip/odin/demo/GroovePerformance",
                  },
                ],
              },
              "_links": Object {
                "profile": Object {
                  "href": "http://localhost/api/rest/profile/performance",
                },
                "search": Object {
                  "href": "http://localhost/api/rest/performance/search",
                },
                "self": Object {
                  "href": "http://localhost/api/rest/performance",
                },
              },
            }
          }
          schema={
            Schema {
              "revision": undefined,
            }
          }
        >
          <div>
            <div
              className="container"
            >
              <div
                className="row"
              >
                <div
                  className="col-2"
                >
                  Number
                </div>
                <div
                  className="col-3"
                >
                  Program
                </div>
              </div>
              <Channel
                entity={
                  Object {
                    "_links": Object {
                      "channel": Object {
                        "href": "http://localhost/api/rest/channel/36",
                      },
                      "performance": Object {
                        "href": "http://localhost/api/rest/channel/36/performance",
                      },
                      "self": Object {
                        "href": "http://localhost/api/rest/channel/36",
                      },
                    },
                    "name": "Power Drums",
                    "number": 9,
                    "path": "channel",
                    "program": 0,
                    "programName": "Power Drums",
                  }
                }
                key="9"
                onDelete={[Function]}
              >
                <div
                  className="row"
                >
                  <div
                    className="col-2"
                  >
                    9
                  </div>
                  <div
                    className="col-3"
                  >
                    Power Drums
                  </div>
                  <div
                    className="col-1"
                  >
                    <button
                      className="btn btn-primary"
                      onClick={[Function]}
                      type="submit"
                    >
                      Delete
                    </button>
                  </div>
                </div>
              </Channel>
              <Channel
                entity={
                  Object {
                    "_links": Object {
                      "channel": Object {
                        "href": "http://localhost/api/rest/channel/37",
                      },
                      "performance": Object {
                        "href": "http://localhost/api/rest/channel/37/performance",
                      },
                      "self": Object {
                        "href": "http://localhost/api/rest/channel/37",
                      },
                    },
                    "name": "aahs",
                    "number": 4,
                    "path": "channel",
                    "program": 0,
                    "programName": "aahs",
                  }
                }
                key="4"
                onDelete={[Function]}
              >
                <div
                  className="row"
                >
                  <div
                    className="col-2"
                  >
                    4
                  </div>
                  <div
                    className="col-3"
                  >
                    aahs
                  </div>
                  <div
                    className="col-1"
                  >
                    <button
                      className="btn btn-primary"
                      onClick={[Function]}
                      type="submit"
                    >
                      Delete
                    </button>
                  </div>
                </div>
              </Channel>
              <Channel
                entity={
                  Object {
                    "_links": Object {
                      "channel": Object {
                        "href": "http://localhost/api/rest/channel/38",
                      },
                      "performance": Object {
                        "href": "http://localhost/api/rest/channel/38/performance",
                      },
                      "self": Object {
                        "href": "http://localhost/api/rest/channel/38",
                      },
                    },
                    "name": "bass",
                    "number": 5,
                    "path": "channel",
                    "program": 0,
                    "programName": "bass",
                  }
                }
                key="5"
                onDelete={[Function]}
              >
                <div
                  className="row"
                >
                  <div
                    className="col-2"
                  >
                    5
                  </div>
                  <div
                    className="col-3"
                  >
                    bass
                  </div>
                  <div
                    className="col-1"
                  >
                    <button
                      className="btn btn-primary"
                      onClick={[Function]}
                      type="submit"
                    >
                      Delete
                    </button>
                  </div>
                </div>
              </Channel>
              <Channel
                entity={
                  Object {
                    "_links": Object {
                      "channel": Object {
                        "href": "http://localhost/api/rest/channel/35",
                      },
                      "performance": Object {
                        "href": "http://localhost/api/rest/channel/35/performance",
                      },
                      "self": Object {
                        "href": "http://localhost/api/rest/channel/35",
                      },
                    },
                    "name": "piano",
                    "number": 1,
                    "path": "channel",
                    "program": 0,
                    "programName": "piano",
                  }
                }
                key="1"
                onDelete={[Function]}
              >
                <div
                  className="row"
                >
                  <div
                    className="col-2"
                  >
                    1
                  </div>
                  <div
                    className="col-3"
                  >
                    piano
                  </div>
                  <div
                    className="col-1"
                  >
                    <button
                      className="btn btn-primary"
                      onClick={[Function]}
                      type="submit"
                    >
                      Delete
                    </button>
                  </div>
                </div>
              </Channel>
              <Channel
                entity={
                  Object {
                    "_links": Object {
                      "channel": Object {
                        "href": "http://localhost/api/rest/channel/39",
                      },
                      "performance": Object {
                        "href": "http://localhost/api/rest/channel/39/performance",
                      },
                      "self": Object {
                        "href": "http://localhost/api/rest/channel/39",
                      },
                    },
                    "name": "rock",
                    "number": 2,
                    "path": "channel",
                    "program": 0,
                    "programName": "rock",
                  }
                }
                key="2"
                onDelete={[Function]}
              >
                <div
                  className="row"
                >
                  <div
                    className="col-2"
                  >
                    2
                  </div>
                  <div
                    className="col-3"
                  >
                    rock
                  </div>
                  <div
                    className="col-1"
                  >
                    <button
                      className="btn btn-primary"
                      onClick={[Function]}
                      type="submit"
                    >
                      Delete
                    </button>
                  </div>
                </div>
              </Channel>
              <Channel
                entity={
                  Object {
                    "_links": Object {
                      "channel": Object {
                        "href": "http://localhost/api/rest/channel/40",
                      },
                      "performance": Object {
                        "href": "http://localhost/api/rest/channel/40/performance",
                      },
                      "self": Object {
                        "href": "http://localhost/api/rest/channel/40",
                      },
                    },
                    "name": "strings",
                    "number": 3,
                    "path": "channel",
                    "program": 0,
                    "programName": "strings",
                  }
                }
                key="3"
                onDelete={[Function]}
              >
                <div
                  className="row"
                >
                  <div
                    className="col-2"
                  >
                    3
                  </div>
                  <div
                    className="col-3"
                  >
                    strings
                  </div>
                  <div
                    className="col-1"
                  >
                    <button
                      className="btn btn-primary"
                      onClick={[Function]}
                      type="submit"
                    >
                      Delete
                    </button>
                  </div>
                </div>
              </Channel>
            </div>
          </div>
        </ChannelList>
      </div>
    </ChannelsContainer>
  </Connect(ChannelsContainer)>
</Provider>
`;
