// Jest Snapshot v1, https://goo.gl/fbAQLP

exports[`Environment container Initialise 1`] = `
<Provider
  store={
    Object {
      "dispatch": [Function],
      "getState": [Function],
      "replaceReducer": [Function],
      "subscribe": [Function],
      Symbol(observable): [Function],
    }
  }
>
  <Connect(EnvironmentContainer)>
    <EnvironmentContainer
      environment={
        Object {
          "handles": Array [],
        }
      }
      onLoadEntities={[Function]}
    >
      <div>
        <div>
          $
          {"handles":[]}
        </div>
      </div>
    </EnvironmentContainer>
  </Connect(EnvironmentContainer)>
</Provider>
`;
